Component: ARM Compiler 5.06 update 7 (build 960) Tool: armlink [4d3601]

==============================================================================

Section Cross References

    startup_stm32g474xx.o(RESET) refers to startup_stm32g474xx.o(STACK) for __initial_sp
    startup_stm32g474xx.o(RESET) refers to startup_stm32g474xx.o(.text) for Reset_Handler
    startup_stm32g474xx.o(RESET) refers to stm32g4xx_it.o(i.NMI_Handler) for NMI_Handler
    startup_stm32g474xx.o(RESET) refers to stm32g4xx_it.o(i.HardFault_Handler) for HardFault_Handler
    startup_stm32g474xx.o(RESET) refers to stm32g4xx_it.o(i.MemManage_Handler) for MemManage_Handler
    startup_stm32g474xx.o(RESET) refers to stm32g4xx_it.o(i.BusFault_Handler) for BusFault_Handler
    startup_stm32g474xx.o(RESET) refers to stm32g4xx_it.o(i.UsageFault_Handler) for UsageFault_Handler
    startup_stm32g474xx.o(RESET) refers to stm32g4xx_it.o(i.SVC_Handler) for SVC_Handler
    startup_stm32g474xx.o(RESET) refers to stm32g4xx_it.o(i.DebugMon_Handler) for DebugMon_Handler
    startup_stm32g474xx.o(RESET) refers to stm32g4xx_it.o(i.PendSV_Handler) for PendSV_Handler
    startup_stm32g474xx.o(RESET) refers to stm32g4xx_it.o(i.SysTick_Handler) for SysTick_Handler
    startup_stm32g474xx.o(RESET) refers to stm32g4xx_it.o(i.EXTI1_IRQHandler) for EXTI1_IRQHandler
    startup_stm32g474xx.o(RESET) refers to stm32g4xx_it.o(i.ADC1_2_IRQHandler) for ADC1_2_IRQHandler
    startup_stm32g474xx.o(RESET) refers to stm32g4xx_it.o(i.TIM2_IRQHandler) for TIM2_IRQHandler
    startup_stm32g474xx.o(RESET) refers to stm32g4xx_it.o(i.EXTI15_10_IRQHandler) for EXTI15_10_IRQHandler
    startup_stm32g474xx.o(.text) refers to system_stm32g4xx.o(i.SystemInit) for SystemInit
    startup_stm32g474xx.o(.text) refers to entry.o(.ARM.Collect$$$$00000000) for __main
    main.o(i.SystemClock_Config) refers to memseta.o(.text) for __aeabi_memclr4
    main.o(i.SystemClock_Config) refers to stm32g4xx_hal_pwr_ex.o(i.HAL_PWREx_ControlVoltageScaling) for HAL_PWREx_ControlVoltageScaling
    main.o(i.SystemClock_Config) refers to stm32g4xx_hal_rcc.o(i.HAL_RCC_OscConfig) for HAL_RCC_OscConfig
    main.o(i.SystemClock_Config) refers to main.o(i.Error_Handler) for Error_Handler
    main.o(i.SystemClock_Config) refers to stm32g4xx_hal_rcc.o(i.HAL_RCC_ClockConfig) for HAL_RCC_ClockConfig
    main.o(i.main) refers to stm32g4xx_hal.o(i.HAL_Init) for HAL_Init
    main.o(i.main) refers to main.o(i.SystemClock_Config) for SystemClock_Config
    main.o(i.main) refers to gpio.o(i.MX_GPIO_Init) for MX_GPIO_Init
    main.o(i.main) refers to adc.o(i.MX_ADC1_Init) for MX_ADC1_Init
    main.o(i.main) refers to adc.o(i.MX_ADC2_Init) for MX_ADC2_Init
    main.o(i.main) refers to i2c.o(i.MX_I2C1_Init) for MX_I2C1_Init
    main.o(i.main) refers to i2c.o(i.MX_I2C3_Init) for MX_I2C3_Init
    main.o(i.main) refers to spi.o(i.MX_SPI2_Init) for MX_SPI2_Init
    main.o(i.main) refers to tim.o(i.MX_TIM1_Init) for MX_TIM1_Init
    main.o(i.main) refers to tim.o(i.MX_TIM8_Init) for MX_TIM8_Init
    main.o(i.main) refers to usart.o(i.MX_USART2_UART_Init) for MX_USART2_UART_Init
    main.o(i.main) refers to tim.o(i.MX_TIM2_Init) for MX_TIM2_Init
    main.o(i.main) refers to spi.o(i.MX_SPI1_Init) for MX_SPI1_Init
    main.o(i.main) refers to main.o(i.sys_init) for sys_init
    main.o(i.main) refers to f2d.o(.text) for __aeabi_f2d
    main.o(i.main) refers to oled.o(i.OLED_ShowFloatNum) for OLED_ShowFloatNum
    main.o(i.main) refers to oled.o(i.OLED_Update) for OLED_Update
    main.o(i.main) refers to key.o(i.key_read) for key_read
    main.o(i.main) refers to blc_defs.o(.bss) for balance_pid
    main.o(i.main) refers to foc.o(.data) for m1_i_q
    main.o(i.main) refers to bmi160_port.o(.data) for angle
    main.o(i.sys_init) refers to foc.o(i.m1_pid_set_current) for m1_pid_set_current
    main.o(i.sys_init) refers to foc.o(i.m2_pid_set_current) for m2_pid_set_current
    main.o(i.sys_init) refers to blc_defs.o(i.pid_config) for pid_config
    main.o(i.sys_init) refers to oled.o(i.OLED_Init) for OLED_Init
    main.o(i.sys_init) refers to oled.o(i.OLED_Clear) for OLED_Clear
    main.o(i.sys_init) refers to oled.o(i.OLED_Update) for OLED_Update
    main.o(i.sys_init) refers to as5600.o(i.as5600_init) for as5600_init
    main.o(i.sys_init) refers to bmi160_port.o(i.bmi160_config) for bmi160_config
    main.o(i.sys_init) refers to stm32g4xx_hal_tim.o(i.HAL_TIM_Base_Start_IT) for HAL_TIM_Base_Start_IT
    main.o(i.sys_init) refers to stm32g4xx_hal_tim.o(i.HAL_TIM_PWM_Start) for HAL_TIM_PWM_Start
    main.o(i.sys_init) refers to stm32g4xx_hal.o(i.HAL_Delay) for HAL_Delay
    main.o(i.sys_init) refers to foc.o(i.m1_set_pwm_duty) for m1_set_pwm_duty
    main.o(i.sys_init) refers to foc.o(i.m2_set_pwm_duty) for m2_set_pwm_duty
    main.o(i.sys_init) refers to stm32g4xx_hal_adc_ex.o(i.HAL_ADCEx_Calibration_Start) for HAL_ADCEx_Calibration_Start
[...]
    m1_pid_current_q                         0x20000920   Data          36  foc.o(.bss)
    m2_pid_current_d                         0x20000944   Data          36  foc.o(.bss)
    m2_pid_current_q                         0x20000968   Data          36  foc.o(.bss)
    .bss                                     0x2000098c   Section       36  blc_defs.o(.bss)
    STACK                                    0x200009b0   Section     4096  startup_stm32g474xx.o(STACK)

    Global Symbols

    Symbol Name                              Value     Ov Type        Size  Object(Section)

    BuildAttributes$$THM_ISAv4$E$P$D$K$B$S$7EM$VFPi3$EXTD16$VFPS$VFMA$PE$A:L22UL41UL21$X:L11$S22US41US21$IEEE1$IW$USESV6$~STKCKD$USESV7$~SHL$OTIME$ROPI$IEEEX$EBA8$MICROLIB$REQ8$PRES8$EABIv2 0x00000000   Number         0  anon$$obj.o ABSOLUTE
    __ARM_use_no_argv                        0x00000000   Number         0  main.o ABSOLUTE
    __arm_fini_                               - Undefined Weak Reference
    __cpp_initialize__aeabi_                  - Undefined Weak Reference
    __cxa_finalize                            - Undefined Weak Reference
    __decompress                              - Undefined Weak Reference
    _clock_init                               - Undefined Weak Reference
    _microlib_exit                            - Undefined Weak Reference
    __Vectors_Size                           0x000001d8   Number         0  startup_stm32g474xx.o ABSOLUTE
    __Vectors                                0x08000000   Data           4  startup_stm32g474xx.o(RESET)
    __Vectors_End                            0x080001d8   Data           0  startup_stm32g474xx.o(RESET)
    __main                                   0x080001d9   Thumb Code     0  entry.o(.ARM.Collect$$$$00000000)
    _main_stk                                0x080001d9   Thumb Code     0  entry2.o(.ARM.Collect$$$$00000001)
    _main_scatterload                        0x080001dd   Thumb Code     0  entry5.o(.ARM.Collect$$$$00000004)
    __main_after_scatterload                 0x080001e1   Thumb Code     0  entry5.o(.ARM.Collect$$$$00000004)
    _main_clock                              0x080001e1   Thumb Code     0  entry7b.o(.ARM.Collect$$$$00000008)
    _main_cpp_init                           0x080001e1   Thumb Code     0  entry8b.o(.ARM.Collect$$$$0000000A)
    _main_init                               0x080001e1   Thumb Code     0  entry9a.o(.ARM.Collect$$$$0000000B)
    __rt_lib_shutdown_fini                   0x080001e9   Thumb Code     0  entry12b.o(.ARM.Collect$$$$0000000E)
    __rt_final_cpp                           0x080001ed   Thumb Code     0  entry10a.o(.ARM.Collect$$$$0000000F)
    __rt_final_exit                          0x080001ed   Thumb Code     0  entry11a.o(.ARM.Collect$$$$00000011)
    Reset_Handler                            0x080001f1   Thumb Code     8  startup_stm32g474xx.o(.text)
    ADC3_IRQHandler                          0x0800020b   Thumb Code     0  startup_stm32g474xx.o(.text)
    ADC4_IRQHandler                          0x0800020b   Thumb Code     0  startup_stm32g474xx.o(.text)
    ADC5_IRQHandler                          0x0800020b   Thumb Code     0  startup_stm32g474xx.o(.text)
    COMP1_2_3_IRQHandler                     0x0800020b   Thumb Code     0  startup_stm32g474xx.o(.text)
    COMP4_5_6_IRQHandler                     0x0800020b   Thumb Code     0  startup_stm32g474xx.o(.text)
    COMP7_IRQHandler                         0x0800020b   Thumb Code     0  startup_stm32g474xx.o(.text)
    CORDIC_IRQHandler                        0x0800020b   Thumb Code     0  startup_stm32g474xx.o(.text)
    CRS_IRQHandler                           0x0800020b   Thumb Code     0  startup_stm32g474xx.o(.text)
    DMA1_Channel1_IRQHandler                 0x0800020b   Thumb Code     0  startup_stm32g474xx.o(.text)
    DMA1_Channel2_IRQHandler                 0x0800020b   Thumb Code     0  startup_stm32g474xx.o(.text)
    DMA1_Channel3_IRQHandler                 0x0800020b   Thumb Code     0  startup_stm32g474xx.o(.text)
    DMA1_Channel4_IRQHandler                 0x0800020b   Thumb Code     0  startup_stm32g474xx.o(.text)
    DMA1_Channel5_IRQHandler                 0x0800020b   Thumb Code     0  startup_stm32g474xx.o(.text)
    DMA1_Channel6_IRQHandler                 0x0800020b   Thumb Code     0  startup_stm32g474xx.o(.text)
    DMA1_Channel7_IRQHandler                 0x0800020b   Thumb Code     0  startup_stm32g474xx.o(.text)
    DMA1_Channel8_IRQHandler                 0x0800020b   Thumb Code     0  startup_stm32g474xx.o(.text)
    DMA2_Channel1_IRQHandler                 0x0800020b   Thumb Code     0  startup_stm32g474xx.o(.text)
    DMA2_Channel2_IRQHandler                 0x0800020b   Thumb Code     0  startup_stm32g474xx.o(.text)
    DMA2_Channel3_IRQHandler                 0x0800020b   Thumb Code     0  startup_stm32g474xx.o(.text)
    DMA2_Channel4_IRQHandler                 0x0800020b   Thumb Code     0  startup_stm32g474xx.o(.text)
    DMA2_Channel5_IRQHandler                 0x0800020b   Thumb Code     0  startup_stm32g474xx.o(.text)
    DMA2_Channel6_IRQHandler                 0x0800020b   Thumb Code     0  startup_stm32g474xx.o(.text)
    DMA2_Channel7_IRQHandler                 0x0800020b   Thumb Code     0  startup_stm32g474xx.o(.text)
    DMA2_Channel8_IRQHandler                 0x0800020b   Thumb Code     0  startup_stm32g474xx.o(.text)
    DMAMUX_OVR_IRQHandler                    0x0800020b   Thumb Code     0  startup_stm32g474xx.o(.text)
    EXTI0_IRQHandler                         0x0800020b   Thumb Code     0  startup_stm32g474xx.o(.text)
    EXTI2_IRQHandler                         0x0800020b   Thumb Code     0  startup_stm32g474xx.o(.text)
    EXTI3_IRQHandler                         0x0800020b   Thumb Code     0  startup_stm32g474xx.o(.text)
    EXTI4_IRQHandler                         0x0800020b   Thumb Code     0  startup_stm32g474xx.o(.text)
    EXTI9_5_IRQHandler                       0x0800020b   Thumb Code     0  startup_stm32g474xx.o(.text)
    FDCAN1_IT0_IRQHandler                    0x0800020b   Thumb Code     0  startup_stm32g474xx.o(.text)
    FDCAN1_IT1_IRQHandler                    0x0800020b   Thumb Code     0  startup_stm32g474xx.o(.text)
    FDCAN2_IT0_IRQHandler                    0x0800020b   Thumb Code     0  startup_stm32g474xx.o(.text)
    FDCAN2_IT1_IRQHandler                    0x0800020b   Thumb Code     0  startup_stm32g474xx.o(.text)
    FDCAN3_IT0_IRQHandler                    0x0800020b   Thumb Code     0  startup_stm32g474xx.o(.text)
    FDCAN3_IT1_IRQHandler                    0x0800020b   Thumb Code     0  startup_stm32g474xx.o(.text)
    FLASH_IRQHandler                         0x0800020b   Thumb Code     0  startup_stm32g474xx.o(.text)
    FMAC_IRQHandler                          0x0800020b   Thumb Code     0  startup_stm32g474xx.o(.text)
    FMC_IRQHandler                           0x0800020b   Thumb Code     0  startup_stm32g474xx.o(.text)
    FPU_IRQHandler                           0x0800020b   Thumb Code     0  startup_stm32g474xx.o(.text)
    HRTIM1_FLT_IRQHandler                    0x0800020b   Thumb Code     0  startup_stm32g474xx.o(.text)
    HRTIM1_Master_IRQHandler                 0x0800020b   Thumb Code     0  startup_stm32g474xx.o(.text)
    HRTIM1_TIMA_IRQHandler                   0x0800020b   Thumb Code     0  startup_stm32g474xx.o(.text)
    HRTIM1_TIMB_IRQHandler                   0x0800020b   Thumb Code     0  startup_stm32g474xx.o(.text)
    HRTIM1_TIMC_IRQHandler                   0x0800020b   Thumb Code     0  startup_stm32g474xx.o(.text)
    HRTIM1_TIMD_IRQHandler                   0x0800020b   Thumb Code     0  startup_stm32g474xx.o(.text)
    HRTIM1_TIME_IRQHandler                   0x0800020b   Thumb Code     0  startup_stm32g474xx.o(.text)
    HRTIM1_TIMF_IRQHandler                   0x0800020b   Thumb Code     0  startup_stm32g474xx.o(.text)
    I2C1_ER_IRQHandler                       0x0800020b   Thumb Code     0  startup_stm32g474xx.o(.text)
    I2C1_EV_IRQHandler                       0x0800020b   Thumb Code     0  startup_stm32g474xx.o(.text)
    I2C2_ER_IRQHandler                       0x0800020b   Thumb Code     0  startup_stm32g474xx.o(.text)
    I2C2_EV_IRQHandler                       0x0800020b   Thumb Code     0  startup_stm32g474xx.o(.text)
    I2C3_ER_IRQHandler                       0x0800020b   Thumb Code     0  startup_stm32g474xx.o(.text)
    I2C3_EV_IRQHandler                       0x0800020b   Thumb Code     0  startup_stm32g474xx.o(.text)
    I2C4_ER_IRQHandler                       0x0800020b   Thumb Code     0  startup_stm32g474xx.o(.text)
    I2C4_EV_IRQHandler                       0x0800020b   Thumb Code     0  startup_stm32g474xx.o(.text)
    LPTIM1_IRQHandler                        0x0800020b   Thumb Code     0  startup_stm32g474xx.o(.text)
    LPUART1_IRQHandler                       0x0800020b   Thumb Code     0  startup_stm32g474xx.o(.text)
    PVD_PVM_IRQHandler                       0x0800020b   Thumb Code     0  startup_stm32g474xx.o(.text)
    QUADSPI_IRQHandler                       0x0800020b   Thumb Code     0  startup_stm32g474xx.o(.text)
    RCC_IRQHandler                           0x0800020b   Thumb Code     0  startup_stm32g474xx.o(.text)
    RNG_IRQHandler                           0x0800020b   Thumb Code     0  startup_stm32g474xx.o(.text)
    RTC_Alarm_IRQHandler                     0x0800020b   Thumb Code     0  startup_stm32g474xx.o(.text)
    RTC_TAMP_LSECSS_IRQHandler               0x0800020b   Thumb Code     0  startup_stm32g474xx.o(.text)
    RTC_WKUP_IRQHandler                      0x0800020b   Thumb Code     0  startup_stm32g474xx.o(.text)
    SAI1_IRQHandler                          0x0800020b   Thumb Code     0  startup_stm32g474xx.o(.text)
    SPI1_IRQHandler                          0x0800020b   Thumb Code     0  startup_stm32g474xx.o(.text)
    SPI2_IRQHandler                          0x0800020b   Thumb Code     0  startup_stm32g474xx.o(.text)
    SPI3_IRQHandler                          0x0800020b   Thumb Code     0  startup_stm32g474xx.o(.text)
    SPI4_IRQHandler                          0x0800020b   Thumb Code     0  startup_stm32g474xx.o(.text)
    TIM1_BRK_TIM15_IRQHandler                0x0800020b   Thumb Code     0  startup_stm32g474xx.o(.text)
    TIM1_CC_IRQHandler                       0x0800020b   Thumb Code     0  startup_stm32g474xx.o(.text)
    TIM1_TRG_COM_TIM17_IRQHandler            0x0800020b   Thumb Code     0  startup_stm32g474xx.o(.text)
    TIM1_UP_TIM16_IRQHandler                 0x0800020b   Thumb Code     0  startup_stm32g474xx.o(.text)
    TIM20_BRK_IRQHandler                     0x0800020b   Thumb Code     0  startup_stm32g474xx.o(.text)
    TIM20_CC_IRQHandler                      0x0800020b   Thumb Code     0  startup_stm32g474xx.o(.text)
    TIM20_TRG_COM_IRQHandler                 0x0800020b   Thumb Code     0  startup_stm32g474xx.o(.text)
    TIM20_UP_IRQHandler                      0x0800020b   Thumb Code     0  startup_stm32g474xx.o(.text)
    TIM3_IRQHandler                          0x0800020b   Thumb Code     0  startup_stm32g474xx.o(.text)
    TIM4_IRQHandler                          0x0800020b   Thumb Code     0  startup_stm32g474xx.o(.text)
    TIM5_IRQHandler                          0x0800020b   Thumb Code     0  startup_stm32g474xx.o(.text)
    TIM6_DAC_IRQHandler                      0x0800020b   Thumb Code     0  startup_stm32g474xx.o(.text)
    TIM7_DAC_IRQHandler                      0x0800020b   Thumb Code     0  startup_stm32g474xx.o(.text)
    TIM8_BRK_IRQHandler                      0x0800020b   Thumb Code     0  startup_stm32g474xx.o(.text)
    TIM8_CC_IRQHandler                       0x0800020b   Thumb Code     0  startup_stm32g474xx.o(.text)
    TIM8_TRG_COM_IRQHandler                  0x0800020b   Thumb Code     0  startup_stm32g474xx.o(.text)
    TIM8_UP_IRQHandler                       0x0800020b   Thumb Code     0  startup_stm32g474xx.o(.text)
    UART4_IRQHandler                         0x0800020b   Thumb Code     0  startup_stm32g474xx.o(.text)
    UART5_IRQHandler                         0x0800020b   Thumb Code     0  startup_stm32g474xx.o(.text)
    UCPD1_IRQHandler                         0x0800020b   Thumb Code     0  startup_stm32g474xx.o(.text)
    USART1_IRQHandler                        0x0800020b   Thumb Code     0  startup_stm32g474xx.o(.text)
    USART2_IRQHandler                        0x0800020b   Thumb Code     0  startup_stm32g474xx.o(.text)
    USART3_IRQHandler                        0x0800020b   Thumb Code     0  startup_stm32g474xx.o(.text)
    USBWakeUp_IRQHandler                     0x0800020b   Thumb Code     0  startup_stm32g474xx.o(.text)
    USB_HP_IRQHandler                        0x0800020b   Thumb Code     0  startup_stm32g474xx.o(.text)
    USB_LP_IRQHandler                        0x0800020b   Thumb Code     0  startup_stm32g474xx.o(.text)
    WWDG_IRQHandler                          0x0800020b   Thumb Code     0  startup_stm32g474xx.o(.text)
    __aeabi_uldivmod                         0x08000215   Thumb Code    98  uldiv.o(.text)
    __aeabi_memcpy                           0x08000277   Thumb Code    36  memcpya.o(.text)
    __aeabi_memcpy4                          0x08000277   Thumb Code     0  memcpya.o(.text)
    __aeabi_memcpy8                          0x08000277   Thumb Code     0  memcpya.o(.text)
    __aeabi_memset                           0x0800029b   Thumb Code    14  memseta.o(.text)
    __aeabi_memset4                          0x0800029b   Thumb Code     0  memseta.o(.text)
    __aeabi_memset8                          0x0800029b   Thumb Code     0  memseta.o(.text)
    __aeabi_memclr                           0x080002a9   Thumb Code     4  memseta.o(.text)
    __aeabi_memclr4                          0x080002a9   Thumb Code     0  memseta.o(.text)
    __aeabi_memclr8                          0x080002a9   Thumb Code     0  memseta.o(.text)
    _memset$wrapper                          0x080002ad   Thumb Code    18  memseta.o(.text)
    __aeabi_dadd                             0x080002bf   Thumb Code   322  dadd.o(.text)
    __aeabi_dsub                             0x08000401   Thumb Code     6  dadd.o(.text)
    __aeabi_drsub                            0x08000407   Thumb Code     6  dadd.o(.text)
    __aeabi_dmul                             0x0800040d   Thumb Code   228  dmul.o(.text)
    __aeabi_ui2d                             0x080004f1   Thumb Code    26  dfltui.o(.text)
    __aeabi_d2uiz                            0x0800050b   Thumb Code    50  dfixui.o(.text)
    __aeabi_f2d                              0x0800053d   Thumb Code    38  f2d.o(.text)
    __aeabi_cdcmpeq                          0x08000565   Thumb Code     0  cdcmple.o(.text)
    __aeabi_cdcmple                          0x08000565   Thumb Code    48  cdcmple.o(.text)
    __aeabi_cdrcmple                         0x08000595   Thumb Code    48  cdrcmple.o(.text)
    __aeabi_llsl                             0x080005c5   Thumb Code    30  llshl.o(.text)
    _ll_shift_l                              0x080005c5   Thumb Code     0  llshl.o(.text)
    __aeabi_llsr                             0x080005e3   Thumb Code    32  llushr.o(.text)
    _ll_ushift_r                             0x080005e3   Thumb Code     0  llushr.o(.text)
    __aeabi_lasr                             0x08000603   Thumb Code    36  llsshr.o(.text)
    _ll_sshift_r                             0x08000603   Thumb Code     0  llsshr.o(.text)
    __I$use$fp                               0x08000627   Thumb Code     0  iusefp.o(.text)
    _float_round                             0x08000627   Thumb Code    18  fepilogue.o(.text)
    _float_epilogue                          0x08000639   Thumb Code    92  fepilogue.o(.text)
    _frem                                    0x08000695   Thumb Code    82  frem.o(.text)
    _double_round                            0x080006e7   Thumb Code    30  depilogue.o(.text)
    _double_epilogue                         0x08000705   Thumb Code   156  depilogue.o(.text)
    _drnd                                    0x080007a1   Thumb Code   132  drnd.o(.text)
    __ARM_fcmp4                              0x08000829   Thumb Code    54  fcmp4.o(.text)
    _fcmp4                                   0x08000829   Thumb Code     0  fcmp4.o(.text)
    __scatterload                            0x08000861   Thumb Code    28  init.o(.text)
    __scatterload_rt2                        0x08000861   Thumb Code     0  init.o(.text)
    arm_cos_f32                              0x08000885   Thumb Code   152  arm_cos_f32.o(.text.arm_cos_f32)
    arm_pid_init_f32                         0x0800091d   Thumb Code    56  arm_pid_init_f32.o(.text.arm_pid_init_f32)
    arm_sin_f32                              0x08000955   Thumb Code   144  arm_sin_f32.o(.text.arm_sin_f32)
    ADC1_2_IRQHandler                        0x080009e5   Thumb Code    16  stm32g4xx_it.o(i.ADC1_2_IRQHandler)
    ADC_Disable                              0x080009fd   Thumb Code   142  stm32g4xx_hal_adc.o(i.ADC_Disable)
    ADC_Enable                               0x08000a91   Thumb Code   200  stm32g4xx_hal_adc.o(i.ADC_Enable)
    BusFault_Handler                         0x08000b71   Thumb Code     4  stm32g4xx_it.o(i.BusFault_Handler)
    DebugMon_Handler                         0x08000b75   Thumb Code     2  stm32g4xx_it.o(i.DebugMon_Handler)
    EXTI15_10_IRQHandler                     0x08000b77   Thumb Code    12  stm32g4xx_it.o(i.EXTI15_10_IRQHandler)
    EXTI1_IRQHandler                         0x08000b83   Thumb Code    10  stm32g4xx_it.o(i.EXTI1_IRQHandler)
    Error_Handler                            0x08000b8d   Thumb Code     6  main.o(i.Error_Handler)
    HAL_ADCEx_Calibration_Start              0x08000b95   Thumb Code   166  stm32g4xx_hal_adc_ex.o(i.HAL_ADCEx_Calibration_Start)
    HAL_ADCEx_EndOfSamplingCallback          0x08000c45   Thumb Code     2  stm32g4xx_hal_adc_ex.o(i.HAL_ADCEx_EndOfSamplingCallback)
    HAL_ADCEx_InjectedConfigChannel          0x08000c49   Thumb Code  1644  stm32g4xx_hal_adc_ex.o(i.HAL_ADCEx_InjectedConfigChannel)
    HAL_ADCEx_InjectedConvCpltCallback       0x080012e9   Thumb Code   908  foc.o(i.HAL_ADCEx_InjectedConvCpltCallback)
    HAL_ADCEx_InjectedGetValue               0x080016e9   Thumb Code    62  stm32g4xx_hal_adc_ex.o(i.HAL_ADCEx_InjectedGetValue)
    HAL_ADCEx_InjectedQueueOverflowCallback  0x08001727   Thumb Code     2  stm32g4xx_hal_adc_ex.o(i.HAL_ADCEx_InjectedQueueOverflowCallback)
    HAL_ADCEx_InjectedStart_IT               0x08001729   Thumb Code   380  stm32g4xx_hal_adc_ex.o(i.HAL_ADCEx_InjectedStart_IT)
    HAL_ADCEx_LevelOutOfWindow2Callback      0x080018b9   Thumb Code     2  stm32g4xx_hal_adc_ex.o(i.HAL_ADCEx_LevelOutOfWindow2Callback)
    HAL_ADCEx_LevelOutOfWindow3Callback      0x080018bb   Thumb Code     2  stm32g4xx_hal_adc_ex.o(i.HAL_ADCEx_LevelOutOfWindow3Callback)
    HAL_ADCEx_MultiModeConfigChannel         0x080018bd   Thumb Code   414  stm32g4xx_hal_adc_ex.o(i.HAL_ADCEx_MultiModeConfigChannel)
    HAL_ADC_ConfigChannel                    0x08001a75   Thumb Code  1348  stm32g4xx_hal_adc.o(i.HAL_ADC_ConfigChannel)
    HAL_ADC_ConvCpltCallback                 0x08001fe9   Thumb Code     2  stm32g4xx_hal_adc.o(i.HAL_ADC_ConvCpltCallback)
    HAL_ADC_ErrorCallback                    0x08001feb   Thumb Code     2  stm32g4xx_hal_adc.o(i.HAL_ADC_ErrorCallback)
    HAL_ADC_IRQHandler                       0x08001fed   Thumb Code   898  stm32g4xx_hal_adc.o(i.HAL_ADC_IRQHandler)
    HAL_ADC_Init                             0x08002385   Thumb Code   652  stm32g4xx_hal_adc.o(i.HAL_ADC_Init)
    HAL_ADC_LevelOutOfWindowCallback         0x0800263d   Thumb Code     2  stm32g4xx_hal_adc.o(i.HAL_ADC_LevelOutOfWindowCallback)
    HAL_ADC_MspInit                          0x08002641   Thumb Code   354  adc.o(i.HAL_ADC_MspInit)
    HAL_Delay                                0x080027b5   Thumb Code    36  stm32g4xx_hal.o(i.HAL_Delay)
    HAL_GPIO_EXTI_Callback                   0x080027dd   Thumb Code   976  bmi160_port.o(i.HAL_GPIO_EXTI_Callback)
    HAL_GPIO_EXTI_IRQHandler                 0x08002c29   Thumb Code    24  stm32g4xx_hal_gpio.o(i.HAL_GPIO_EXTI_IRQHandler)
    HAL_GPIO_Init                            0x08002c45   Thumb Code   442  stm32g4xx_hal_gpio.o(i.HAL_GPIO_Init)
    HAL_GPIO_ReadPin                         0x08002e21   Thumb Code    16  stm32g4xx_hal_gpio.o(i.HAL_GPIO_ReadPin)
    HAL_GPIO_WritePin                        0x08002e31   Thumb Code    10  stm32g4xx_hal_gpio.o(i.HAL_GPIO_WritePin)
    HAL_GetTick                              0x08002e3d   Thumb Code     6  stm32g4xx_hal.o(i.HAL_GetTick)
    HAL_I2CEx_ConfigAnalogFilter             0x08002e49   Thumb Code   106  stm32g4xx_hal_i2c_ex.o(i.HAL_I2CEx_ConfigAnalogFilter)
    HAL_I2CEx_ConfigDigitalFilter            0x08002eb3   Thumb Code   104  stm32g4xx_hal_i2c_ex.o(i.HAL_I2CEx_ConfigDigitalFilter)
    HAL_I2CEx_EnableFastModePlus             0x08002f1d   Thumb Code    42  stm32g4xx_hal_i2c_ex.o(i.HAL_I2CEx_EnableFastModePlus)
    HAL_I2C_Init                             0x08002f51   Thumb Code   212  stm32g4xx_hal_i2c.o(i.HAL_I2C_Init)
    HAL_I2C_IsDeviceReady                    0x08003029   Thumb Code   346  stm32g4xx_hal_i2c.o(i.HAL_I2C_IsDeviceReady)
    HAL_I2C_Mem_Read                         0x08003185   Thumb Code   408  stm32g4xx_hal_i2c.o(i.HAL_I2C_Mem_Read)
    HAL_I2C_MspInit                          0x08003325   Thumb Code   356  i2c.o(i.HAL_I2C_MspInit)
    HAL_IncTick                              0x08003499   Thumb Code    16  stm32g4xx_hal.o(i.HAL_IncTick)
    HAL_Init                                 0x080034b1   Thumb Code    30  stm32g4xx_hal.o(i.HAL_Init)
    HAL_InitTick                             0x080034d1   Thumb Code    74  stm32g4xx_hal.o(i.HAL_InitTick)
    HAL_MspInit                              0x08003529   Thumb Code    62  stm32g4xx_hal_msp.o(i.HAL_MspInit)
    HAL_NVIC_EnableIRQ                       0x0800356d   Thumb Code    40  stm32g4xx_hal_cortex.o(i.HAL_NVIC_EnableIRQ)
    HAL_NVIC_SetPriority                     0x08003595   Thumb Code   122  stm32g4xx_hal_cortex.o(i.HAL_NVIC_SetPriority)
    HAL_NVIC_SetPriorityGrouping             0x08003611   Thumb Code    32  stm32g4xx_hal_cortex.o(i.HAL_NVIC_SetPriorityGrouping)
    HAL_PWREx_ControlVoltageScaling          0x08003639   Thumb Code   268  stm32g4xx_hal_pwr_ex.o(i.HAL_PWREx_ControlVoltageScaling)
    HAL_PWREx_DisableUCPDDeadBattery         0x08003751   Thumb Code    14  stm32g4xx_hal_pwr_ex.o(i.HAL_PWREx_DisableUCPDDeadBattery)
    HAL_RCCEx_PeriphCLKConfig                0x08003765   Thumb Code  1048  stm32g4xx_hal_rcc_ex.o(i.HAL_RCCEx_PeriphCLKConfig)
    HAL_RCC_ClockConfig                      0x08003b7d   Thumb Code   522  stm32g4xx_hal_rcc.o(i.HAL_RCC_ClockConfig)
    HAL_RCC_GetHCLKFreq                      0x08003da1   Thumb Code     6  stm32g4xx_hal_rcc.o(i.HAL_RCC_GetHCLKFreq)
    HAL_RCC_GetPCLK1Freq                     0x08003dad   Thumb Code    26  stm32g4xx_hal_rcc.o(i.HAL_RCC_GetPCLK1Freq)
    HAL_RCC_GetPCLK2Freq                     0x08003dd1   Thumb Code    26  stm32g4xx_hal_rcc.o(i.HAL_RCC_GetPCLK2Freq)
    HAL_RCC_GetSysClockFreq                  0x08003df5   Thumb Code   138  stm32g4xx_hal_rcc.o(i.HAL_RCC_GetSysClockFreq)
    HAL_RCC_OscConfig                        0x08003e8d   Thumb Code  1360  stm32g4xx_hal_rcc.o(i.HAL_RCC_OscConfig)
    HAL_SPI_Init                             0x080043e9   Thumb Code   252  stm32g4xx_hal_spi.o(i.HAL_SPI_Init)
    HAL_SPI_MspInit                          0x080044e5   Thumb Code   252  spi.o(i.HAL_SPI_MspInit)
    HAL_SPI_Transmit                         0x080045f1   Thumb Code   506  stm32g4xx_hal_spi.o(i.HAL_SPI_Transmit)
    HAL_SPI_TransmitReceive                  0x080047eb   Thumb Code   730  stm32g4xx_hal_spi.o(i.HAL_SPI_TransmitReceive)
    HAL_SYSTICK_Config                       0x08004ac5   Thumb Code    52  stm32g4xx_hal_cortex.o(i.HAL_SYSTICK_Config)
    HAL_TIMEx_Break2Callback                 0x08004af9   Thumb Code     2  stm32g4xx_hal_tim_ex.o(i.HAL_TIMEx_Break2Callback)
    HAL_TIMEx_BreakCallback                  0x08004afb   Thumb Code     2  stm32g4xx_hal_tim_ex.o(i.HAL_TIMEx_BreakCallback)
    HAL_TIMEx_CommutCallback                 0x08004afd   Thumb Code     2  stm32g4xx_hal_tim_ex.o(i.HAL_TIMEx_CommutCallback)
    HAL_TIMEx_ConfigBreakDeadTime            0x08004b01   Thumb Code   200  stm32g4xx_hal_tim_ex.o(i.HAL_TIMEx_ConfigBreakDeadTime)
    HAL_TIMEx_DirectionChangeCallback        0x08004bd5   Thumb Code     2  stm32g4xx_hal_tim_ex.o(i.HAL_TIMEx_DirectionChangeCallback)
    HAL_TIMEx_EncoderIndexCallback           0x08004bd7   Thumb Code     2  stm32g4xx_hal_tim_ex.o(i.HAL_TIMEx_EncoderIndexCallback)
    HAL_TIMEx_IndexErrorCallback             0x08004bd9   Thumb Code     2  stm32g4xx_hal_tim_ex.o(i.HAL_TIMEx_IndexErrorCallback)
    HAL_TIMEx_MasterConfigSynchronization    0x08004bdd   Thumb Code   182  stm32g4xx_hal_tim_ex.o(i.HAL_TIMEx_MasterConfigSynchronization)
    HAL_TIMEx_TransitionErrorCallback        0x08004cb5   Thumb Code     2  stm32g4xx_hal_tim_ex.o(i.HAL_TIMEx_TransitionErrorCallback)
    HAL_TIM_Base_Init                        0x08004cb7   Thumb Code   110  stm32g4xx_hal_tim.o(i.HAL_TIM_Base_Init)
    HAL_TIM_Base_MspInit                     0x08004d25   Thumb Code   132  tim.o(i.HAL_TIM_Base_MspInit)
    HAL_TIM_Base_Start_IT                    0x08004db5   Thumb Code   146  stm32g4xx_hal_tim.o(i.HAL_TIM_Base_Start_IT)
    HAL_TIM_ConfigClockSource                0x08004e69   Thumb Code   312  stm32g4xx_hal_tim.o(i.HAL_TIM_ConfigClockSource)
    HAL_TIM_IC_CaptureCallback               0x08004fa5   Thumb Code     2  stm32g4xx_hal_tim.o(i.HAL_TIM_IC_CaptureCallback)
    HAL_TIM_IRQHandler                       0x08004fa7   Thumb Code   544  stm32g4xx_hal_tim.o(i.HAL_TIM_IRQHandler)
    HAL_TIM_MspPostInit                      0x080051c9   Thumb Code   206  tim.o(i.HAL_TIM_MspPostInit)
    HAL_TIM_OC_DelayElapsedCallback          0x080052a9   Thumb Code     2  stm32g4xx_hal_tim.o(i.HAL_TIM_OC_DelayElapsedCallback)
    HAL_TIM_PWM_ConfigChannel                0x080052ab   Thumb Code   368  stm32g4xx_hal_tim.o(i.HAL_TIM_PWM_ConfigChannel)
    HAL_TIM_PWM_Init                         0x0800541b   Thumb Code   110  stm32g4xx_hal_tim.o(i.HAL_TIM_PWM_Init)
    HAL_TIM_PWM_MspInit                      0x08005489   Thumb Code     2  stm32g4xx_hal_tim.o(i.HAL_TIM_PWM_MspInit)
    HAL_TIM_PWM_PulseFinishedCallback        0x0800548b   Thumb Code     2  stm32g4xx_hal_tim.o(i.HAL_TIM_PWM_PulseFinishedCallback)
    HAL_TIM_PWM_Start                        0x0800548d   Thumb Code   322  stm32g4xx_hal_tim.o(i.HAL_TIM_PWM_Start)
    HAL_TIM_PeriodElapsedCallback            0x080055f9   Thumb Code   258  as5600.o(i.HAL_TIM_PeriodElapsedCallback)
    HAL_TIM_TriggerCallback                  0x0800572d   Thumb Code     2  stm32g4xx_hal_tim.o(i.HAL_TIM_TriggerCallback)
    HAL_UARTEx_DisableFifoMode               0x0800572f   Thumb Code    78  stm32g4xx_hal_uart_ex.o(i.HAL_UARTEx_DisableFifoMode)
    HAL_UARTEx_SetRxFifoThreshold            0x0800577d   Thumb Code    94  stm32g4xx_hal_uart_ex.o(i.HAL_UARTEx_SetRxFifoThreshold)
    HAL_UARTEx_SetTxFifoThreshold            0x080057db   Thumb Code    94  stm32g4xx_hal_uart_ex.o(i.HAL_UARTEx_SetTxFifoThreshold)
    HAL_UART_Init                            0x08005839   Thumb Code   120  stm32g4xx_hal_uart.o(i.HAL_UART_Init)
    HAL_UART_MspInit                         0x080058b1   Thumb Code   136  usart.o(i.HAL_UART_MspInit)
    HardFault_Handler                        0x08005941   Thumb Code     4  stm32g4xx_it.o(i.HardFault_Handler)
    MX_ADC1_Init                             0x08005e25   Thumb Code   252  adc.o(i.MX_ADC1_Init)
    MX_ADC2_Init                             0x08005f2d   Thumb Code   176  adc.o(i.MX_ADC2_Init)
    MX_GPIO_Init                             0x08005fed   Thumb Code   330  gpio.o(i.MX_GPIO_Init)
    MX_I2C1_Init                             0x08006145   Thumb Code    82  i2c.o(i.MX_I2C1_Init)
    MX_I2C3_Init                             0x080061a5   Thumb Code    82  i2c.o(i.MX_I2C3_Init)
    MX_SPI1_Init                             0x08006205   Thumb Code    74  spi.o(i.MX_SPI1_Init)
    MX_SPI2_Init                             0x08006259   Thumb Code    74  spi.o(i.MX_SPI2_Init)
    MX_TIM1_Init                             0x080062ad   Thumb Code   266  tim.o(i.MX_TIM1_Init)
    MX_TIM2_Init                             0x080063c1   Thumb Code   106  tim.o(i.MX_TIM2_Init)
    MX_TIM8_Init                             0x08006431   Thumb Code   266  tim.o(i.MX_TIM8_Init)
    MX_USART2_UART_Init                      0x08006545   Thumb Code    98  usart.o(i.MX_USART2_UART_Init)
    MemManage_Handler                        0x080065b1   Thumb Code     4  stm32g4xx_it.o(i.MemManage_Handler)
    NMI_Handler                              0x080065b5   Thumb Code     4  stm32g4xx_it.o(i.NMI_Handler)
    OLED_Clear                               0x080065b9   Thumb Code    36  oled.o(i.OLED_Clear)
    OLED_ClearArea                           0x080065e1   Thumb Code   162  oled.o(i.OLED_ClearArea)
    OLED_GPIO_Init                           0x08006689   Thumb Code   146  oled.o(i.OLED_GPIO_Init)
    OLED_I2C_SendByte                        0x08006725   Thumb Code    62  oled.o(i.OLED_I2C_SendByte)
    OLED_I2C_Start                           0x08006763   Thumb Code    28  oled.o(i.OLED_I2C_Start)
    OLED_I2C_Stop                            0x0800677f   Thumb Code    22  oled.o(i.OLED_I2C_Stop)
    OLED_Init                                0x08006795   Thumb Code   154  oled.o(i.OLED_Init)
    OLED_Pow                                 0x0800682f   Thumb Code    20  oled.o(i.OLED_Pow)
    OLED_SetCursor                           0x08006843   Thumb Code    34  oled.o(i.OLED_SetCursor)
    OLED_ShowChar                            0x08006865   Thumb Code    74  oled.o(i.OLED_ShowChar)
    OLED_ShowFloatNum                        0x080068b9   Thumb Code   248  oled.o(i.OLED_ShowFloatNum)
    OLED_ShowImage                           0x080069b9   Thumb Code   296  oled.o(i.OLED_ShowImage)
    OLED_ShowNum                             0x08006ae5   Thumb Code    76  oled.o(i.OLED_ShowNum)
    OLED_Update                              0x08006b31   Thumb Code    36  oled.o(i.OLED_Update)
    OLED_W_SCL                               0x08006b59   Thumb Code    42  oled.o(i.OLED_W_SCL)
    OLED_W_SDA                               0x08006b89   Thumb Code    42  oled.o(i.OLED_W_SDA)
    OLED_WriteCommand                        0x08006bb9   Thumb Code    32  oled.o(i.OLED_WriteCommand)
    OLED_WriteData                           0x08006bd9   Thumb Code    46  oled.o(i.OLED_WriteData)
    PendSV_Handler                           0x08006c07   Thumb Code     2  stm32g4xx_it.o(i.PendSV_Handler)
    SVC_Handler                              0x08006ea5   Thumb Code     2  stm32g4xx_it.o(i.SVC_Handler)
    SysTick_Handler                          0x08006ea7   Thumb Code     8  stm32g4xx_it.o(i.SysTick_Handler)
    SystemClock_Config                       0x08006eaf   Thumb Code   108  main.o(i.SystemClock_Config)
    SystemInit                               0x08006f1d   Thumb Code    14  system_stm32g4xx.o(i.SystemInit)
    TIM2_IRQHandler                          0x08006f31   Thumb Code    10  stm32g4xx_it.o(i.TIM2_IRQHandler)
    TIM_Base_SetConfig                       0x08006f41   Thumb Code   196  stm32g4xx_hal_tim.o(i.TIM_Base_SetConfig)
    TIM_CCxChannelCmd                        0x08007029   Thumb Code    34  stm32g4xx_hal_tim.o(i.TIM_CCxChannelCmd)
    TIM_ETR_SetConfig                        0x0800704b   Thumb Code    22  stm32g4xx_hal_tim.o(i.TIM_ETR_SetConfig)
    TIM_OC2_SetConfig                        0x08007139   Thumb Code   174  stm32g4xx_hal_tim.o(i.TIM_OC2_SetConfig)
    UART_AdvFeatureConfig                    0x080075d5   Thumb Code   248  stm32g4xx_hal_uart.o(i.UART_AdvFeatureConfig)
    UART_CheckIdleState                      0x080076cd   Thumb Code   234  stm32g4xx_hal_uart.o(i.UART_CheckIdleState)
    UART_SetConfig                           0x08007825   Thumb Code   922  stm32g4xx_hal_uart.o(i.UART_SetConfig)
    UART_WaitOnFlagUntilTimeout              0x08007bed   Thumb Code   172  stm32g4xx_hal_uart.o(i.UART_WaitOnFlagUntilTimeout)
    UsageFault_Handler                       0x08007c99   Thumb Code     4  stm32g4xx_it.o(i.UsageFault_Handler)
    __ARM_fpclassifyf                        0x08007c9d   Thumb Code    38  fpclassifyf.o(i.__ARM_fpclassifyf)
    __hardfp_atan2f                          0x08007cfd   Thumb Code   594  atan2f.o(i.__hardfp_atan2f)
    __hardfp_fabs                            0x08007fa9   Thumb Code    20  fabs.o(i.__hardfp_fabs)
    __hardfp_fmaxf                           0x08007fbd   Thumb Code    72  fmaxf.o(i.__hardfp_fmaxf)
    __hardfp_fminf                           0x08008005   Thumb Code    72  fminf.o(i.__hardfp_fminf)
    __hardfp_fmodf                           0x0800804d   Thumb Code   176  fmodf.o(i.__hardfp_fmodf)
    __hardfp_round                           0x08008101   Thumb Code   194  round.o(i.__hardfp_round)
    __mathlib_flt_infnan2                    0x080081e1   Thumb Code     6  funder.o(i.__mathlib_flt_infnan2)
    __mathlib_flt_invalid                    0x080081e9   Thumb Code    10  funder.o(i.__mathlib_flt_invalid)
    __mathlib_flt_underflow                  0x080081f9   Thumb Code    10  funder.o(i.__mathlib_flt_underflow)
    __scatterload_copy                       0x08008209   Thumb Code    14  handlers.o(i.__scatterload_copy)
    __scatterload_null                       0x08008217   Thumb Code     2  handlers.o(i.__scatterload_null)
    __scatterload_zeroinit                   0x08008219   Thumb Code    14  handlers.o(i.__scatterload_zeroinit)
    __set_errno                              0x08008229   Thumb Code     6  errno.o(i.__set_errno)
    as5600_init                              0x08008235   Thumb Code    42  as5600.o(i.as5600_init)
    as5600_read                              0x08008269   Thumb Code    26  as5600.o(i.as5600_read)
    as5600_readAngle                         0x08008285   Thumb Code    56  as5600.o(i.as5600_readAngle)
    as5600_readRaw                           0x080082c5   Thumb Code    82  as5600.o(i.as5600_readRaw)
    bmi160_config                            0x08008321   Thumb Code   122  bmi160_port.o(i.bmi160_config)
    bmi160_get_regs                          0x080083b1   Thumb Code    68  bmi160.o(i.bmi160_get_regs)
    bmi160_get_sensor_data                   0x080083f5   Thumb Code   144  bmi160.o(i.bmi160_get_sensor_data)
    bmi160_init                              0x08008485   Thumb Code   104  bmi160.o(i.bmi160_init)
    bmi160_int_Init                          0x080084ed   Thumb Code    98  bmi160_port.o(i.bmi160_int_Init)
    bmi160_reg_read                          0x08008559   Thumb Code    96  bmi160_port.o(i.bmi160_reg_read)
    bmi160_reg_write                         0x080085c1   Thumb Code   118  bmi160_port.o(i.bmi160_reg_write)
    bmi160_set_int_config                    0x08008641   Thumb Code   198  bmi160.o(i.bmi160_set_int_config)
    bmi160_set_power_mode                    0x08008707   Thumb Code    40  bmi160.o(i.bmi160_set_power_mode)
    bmi160_set_regs                          0x0800872f   Thumb Code   142  bmi160.o(i.bmi160_set_regs)
    bmi160_set_sens_conf                     0x080087bd   Thumb Code    60  bmi160.o(i.bmi160_set_sens_conf)
    bmi160_soft_reset                        0x080087f9   Thumb Code    74  bmi160.o(i.bmi160_soft_reset)
    cycle_diff                               0x080091fd   Thumb Code    60  foc.o(i.cycle_diff)
    key_read                                 0x08009a39   Thumb Code    72  key.o(i.key_read)
    lowpass_filter                           0x08009a8d   Thumb Code    22  filter.o(i.lowpass_filter)
    m1_foc_current_control                   0x08009bd5   Thumb Code   104  foc.o(i.m1_foc_current_control)
    m1_foc_forward                           0x08009c45   Thumb Code    90  foc.o(i.m1_foc_forward)
    m1_pid_set_current                       0x08009ca5   Thumb Code    80  foc.o(i.m1_pid_set_current)
    m1_set_pwm_duty                          0x08009cfd   Thumb Code   296  foc.o(i.m1_set_pwm_duty)
    m2_foc_current_control                   0x08009f6d   Thumb Code   104  foc.o(i.m2_foc_current_control)
    m2_foc_forward                           0x08009fdd   Thumb Code    90  foc.o(i.m2_foc_forward)
    m2_pid_set_current                       0x0800a03d   Thumb Code    80  foc.o(i.m2_pid_set_current)
    m2_set_pwm_duty                          0x0800a095   Thumb Code   296  foc.o(i.m2_set_pwm_duty)
    main                                     0x0800a1c9   Thumb Code   350  main.o(i.main)
    pid_balance                              0x0800a4d7   Thumb Code    30  blc_defs.o(i.pid_balance)
    pid_config                               0x0800a4f5   Thumb Code    14  blc_defs.o(i.pid_config)
    pid_speed                                0x0800a505   Thumb Code   108  blc_defs.o(i.pid_speed)
    pid_turn                                 0x0800a579   Thumb Code   142  blc_defs.o(i.pid_turn)
    set_left_q                               0x0800ac5d   Thumb Code     8  foc.o(i.set_left_q)
    set_right_q                              0x0800ac69   Thumb Code     8  foc.o(i.set_right_q)
    sys_init                                 0x0800af95   Thumb Code   458  main.o(i.sys_init)
    wrap_angle                               0x0800b1b9   Thumb Code    58  foc.o(i.wrap_angle)
    UARTPrescTable                           0x0800b1f8   Data          24  stm32g4xx_hal_uart.o(.constdata)
    AHBPrescTable                            0x0800b220   Data          16  system_stm32g4xx.o(.constdata)
    APBPrescTable                            0x0800b230   Data           8  system_stm32g4xx.o(.constdata)
    OLED_F8x16                               0x0800b238   Data        1520  oled_data.o(.constdata)
    OLED_F6x8                                0x0800b828   Data         570  oled_data.o(.constdata)
    Diode                                    0x0800ba62   Data          32  oled_data.o(.constdata)
    Frame_2                                  0x0800ba82   Data         222  oled_data.o(.constdata)
    Frame_3                                  0x0800bb60   Data         222  oled_data.o(.constdata)
    Frame_4                                  0x0800bc3e   Data         234  oled_data.o(.constdata)
    Frame_5                                  0x0800bd28   Data         287  oled_data.o(.constdata)
    Frame_6                                  0x0800be47   Data         315  oled_data.o(.constdata)
    Frame_7                                  0x0800bf82   Data         336  oled_data.o(.constdata)
    Frame_8                                  0x0800c0d2   Data         301  oled_data.o(.constdata)
    Frame_9                                  0x0800c1ff   Data         144  oled_data.o(.constdata)
    int_mask_lookup_table                    0x0800c28f   Data          13  bmi160.o(.constdata)
    sinTable_f32                             0x0800c2b0   Data        2052  arm_common_tables.o(.rodata.sinTable_f32)
    Region$$Table$$Base                      0x0800cab4   Number         0  anon$$obj.o(Region$$Table)
    Region$$Table$$Limit                     0x0800cad4   Number         0  anon$$obj.o(Region$$Table)
    uwTick                                   0x20000004   Data           4  stm32g4xx_hal.o(.data)
    uwTickPrio                               0x20000008   Data           4  stm32g4xx_hal.o(.data)
    uwTickFreq                               0x2000000c   Data           4  stm32g4xx_hal.o(.data)
    SystemCoreClock                          0x20000010   Data           4  system_stm32g4xx.o(.data)
    as5600_dat                               0x20000014   Data           8  as5600.o(.data)
    gyro_x_dps                               0x2000002c   Data           4  bmi160_port.o(.data)
    gyro_y_dps                               0x20000030   Data           4  bmi160_port.o(.data)
    gyro_z_dps                               0x20000034   Data           4  bmi160_port.o(.data)
    angle_acc                                0x20000038   Data           4  bmi160_port.o(.data)
    angle                                    0x2000003c   Data           4  bmi160_port.o(.data)
    target_speed                             0x20000040   Data           4  bmi160_port.o(.data)
    target_turn                              0x20000044   Data           4  bmi160_port.o(.data)
    imu_id                                   0x20000048   Data           1  bmi160_port.o(.data)
    m1_i_u                                   0x20000060   Data           4  foc.o(.data)
    m1_i_v                                   0x20000064   Data           4  foc.o(.data)
    m1_i_d                                   0x20000068   Data           4  foc.o(.data)
    m1_i_q                                   0x2000006c   Data           4  foc.o(.data)
    m1_speed                                 0x20000070   Data           4  foc.o(.data)
    m1_logic_angle                           0x20000074   Data           4  foc.o(.data)
    m1_encoder_angle                         0x20000078   Data           4  foc.o(.data)
    m1_rotor_zero_angle                      0x2000007c   Data           4  foc.o(.data)
    m2_i_u                                   0x20000080   Data           4  foc.o(.data)
    m2_i_v                                   0x20000084   Data           4  foc.o(.data)
    m2_i_d                                   0x20000088   Data           4  foc.o(.data)
    m2_i_q                                   0x2000008c   Data           4  foc.o(.data)
    m2_speed                                 0x20000090   Data           4  foc.o(.data)
    m2_logic_angle                           0x20000094   Data           4  foc.o(.data)
    m2_encoder_angle                         0x20000098   Data           4  foc.o(.data)
    m2_rotor_zero_angle                      0x2000009c   Data           4  foc.o(.data)
    left_i_q                                 0x200000a0   Data           4  foc.o(.data)
    right_i_q                                0x200000a4   Data           4  foc.o(.data)
    _m2_u_v_raw                              0x200000a8   Data           4  foc.o(.data)
    _diff                                    0x200000ac   Data           4  foc.o(.data)
    hadc1                                    0x200000d4   Data         108  adc.o(.bss)
    hadc2                                    0x20000140   Data         108  adc.o(.bss)
    hi2c1                                    0x200001ac   Data          84  i2c.o(.bss)
    hi2c3                                    0x20000200   Data          84  i2c.o(.bss)
    hspi1                                    0x20000254   Data         100  spi.o(.bss)
    hspi2                                    0x200002b8   Data         100  spi.o(.bss)
    htim1                                    0x2000031c   Data          76  tim.o(.bss)
    htim2                                    0x20000368   Data          76  tim.o(.bss)
    htim8                                    0x200003b4   Data          76  tim.o(.bss)
    huart2                                   0x20000400   Data         148  usart.o(.bss)
    OLED_DisplayBuf                          0x20000494   Data        1024  oled.o(.bss)
    accel                                    0x200008cc   Data          12  bmi160_port.o(.bss)
    gyro                                     0x200008d8   Data          12  bmi160_port.o(.bss)
    _accel                                   0x200008e4   Data          12  bmi160_port.o(.bss)
    raw_gyro                                 0x200008f0   Data          12  bmi160_port.o(.bss)
    balance_pid                              0x2000098c   Data          12  blc_defs.o(.bss)
    speed_pid                                0x20000998   Data          12  blc_defs.o(.bss)
    turn_pid                                 0x200009a4   Data          12  blc_defs.o(.bss)
    __initial_sp                             0x200019b0   Data           0  startup_stm32g474xx.o(STACK)



==============================================================================

Memory Map of the image

  Image Entry point : 0x080001d9

  Load Region LR_IROM1 (Base: 0x08000000, Size: 0x0000cba8, Max: 0x00020000, ABSOLUTE)

    Execution Region ER_IROM1 (Exec base: 0x08000000, Load base: 0x08000000, Size: 0x0000cad4, Max: 0x00020000, ABSOLUTE)

    Exec Addr    Load Addr    Size         Type   Attr      Idx    E Section Name        Object

    0x08000000   0x08000000   0x000001d8   Data   RO            3    RESET               startup_stm32g474xx.o
    0x080001d8   0x080001d8   0x00000000   Code   RO         6908  * .ARM.Collect$$$$00000000  mc_w.l(entry.o)
    0x080001d8   0x080001d8   0x00000004   Code   RO         7016    .ARM.Collect$$$$00000001  mc_w.l(entry2.o)
    0x080001dc   0x080001dc   0x00000004   Code   RO         7019    .ARM.Collect$$$$00000004  mc_w.l(entry5.o)
    0x080001e0   0x080001e0   0x00000000   Code   RO         7021    .ARM.Collect$$$$00000008  mc_w.l(entry7b.o)
    0x080001e0   0x080001e0   0x00000000   Code   RO         7023    .ARM.Collect$$$$0000000A  mc_w.l(entry8b.o)
    0x080001e0   0x080001e0   0x00000008   Code   RO         7024    .ARM.Collect$$$$0000000B  mc_w.l(entry9a.o)
    0x080001e8   0x080001e8   0x00000004   Code   RO         7031    .ARM.Collect$$$$0000000E  mc_w.l(entry12b.o)
    0x080001ec   0x080001ec   0x00000000   Code   RO         7026    .ARM.Collect$$$$0000000F  mc_w.l(entry10a.o)
    0x080001ec   0x080001ec   0x00000000   Code   RO         7028    .ARM.Collect$$$$00000011  mc_w.l(entry11a.o)
    0x080001ec   0x080001ec   0x00000004   Code   RO         7017    .ARM.Collect$$$$00002712  mc_w.l(entry2.o)
    0x080001f0   0x080001f0   0x00000024   Code   RO            4    .text               startup_stm32g474xx.o
    0x08000214   0x08000214   0x00000062   Code   RO         6911    .text               mc_w.l(uldiv.o)
    0x08000276   0x08000276   0x00000024   Code   RO         6913    .text               mc_w.l(memcpya.o)
    0x0800029a   0x0800029a   0x00000024   Code   RO         6915    .text               mc_w.l(memseta.o)
    0x080002be   0x080002be   0x0000014e   Code   RO         6947    .text               mf_w.l(dadd.o)
    0x0800040c   0x0800040c   0x000000e4   Code   RO         6949    .text               mf_w.l(dmul.o)
    0x080004f0   0x080004f0   0x0000001a   Code   RO         6957    .text               mf_w.l(dfltui.o)
    0x0800050a   0x0800050a   0x00000032   Code   RO         6961    .text               mf_w.l(dfixui.o)
    0x0800053c   0x0800053c   0x00000026   Code   RO         6963    .text               mf_w.l(f2d.o)
    0x08000562   0x08000562   0x00000002   PAD
    0x08000564   0x08000564   0x00000030   Code   RO         6965    .text               mf_w.l(cdcmple.o)
    0x08000594   0x08000594   0x00000030   Code   RO         6967    .text               mf_w.l(cdrcmple.o)
    0x080005c4   0x080005c4   0x0000001e   Code   RO         7037    .text               mc_w.l(llshl.o)
    0x080005e2   0x080005e2   0x00000020   Code   RO         7039    .text               mc_w.l(llushr.o)
    0x08000602   0x08000602   0x00000024   Code   RO         7041    .text               mc_w.l(llsshr.o)
    0x08000626   0x08000626   0x00000000   Code   RO         7050    .text               mc_w.l(iusefp.o)
    0x08000626   0x08000626   0x0000006e   Code   RO         7051    .text               mf_w.l(fepilogue.o)
    0x08000694   0x08000694   0x00000052   Code   RO         7053    .text               mf_w.l(frem.o)
    0x080006e6   0x080006e6   0x000000ba   Code   RO         7055    .text               mf_w.l(depilogue.o)
    0x080007a0   0x080007a0   0x00000088   Code   RO         7057    .text               mf_w.l(drnd.o)
    0x08000828   0x08000828   0x00000036   Code   RO         7061    .text               mf_w.l(fcmp4.o)
    0x0800085e   0x0800085e   0x00000002   PAD
    0x08000860   0x08000860   0x00000024   Code   RO         7067    .text               mc_w.l(init.o)
    0x08000884   0x08000884   0x00000098   Code   RO         6708    .text.arm_cos_f32   arm_cortexM4lf_math.lib(arm_cos_f32.o)
    0x0800091c   0x0800091c   0x00000038   Code   RO         6726    .text.arm_pid_init_f32  arm_cortexM4lf_math.lib(arm_pid_init_f32.o)
    0x08000954   0x08000954   0x00000090   Code   RO         6717    .text.arm_sin_f32   arm_cortexM4lf_math.lib(arm_sin_f32.o)
    0x080009e4   0x080009e4   0x00000018   Code   RO          529    i.ADC1_2_IRQHandler  stm32g4xx_it.o
    0x080009fc   0x080009fc   0x00000094   Code   RO          657    i.ADC_Disable       stm32g4xx_hal_adc.o
    0x08000a90   0x08000a90   0x000000e0   Code   RO          658    i.ADC_Enable        stm32g4xx_hal_adc.o
    0x08000b70   0x08000b70   0x00000004   Code   RO          530    i.BusFault_Handler  stm32g4xx_it.o
    0x08000b74   0x08000b74   0x00000002   Code   RO          531    i.DebugMon_Handler  stm32g4xx_it.o
    0x08000b76   0x08000b76   0x0000000c   Code   RO          532    i.EXTI15_10_IRQHandler  stm32g4xx_it.o
    0x08000b82   0x08000b82   0x0000000a   Code   RO          533    i.EXTI1_IRQHandler  stm32g4xx_it.o
    0x08000b8c   0x08000b8c   0x00000006   Code   RO           13    i.Error_Handler     main.o
    0x08000b92   0x08000b92   0x00000002   PAD
    0x08000b94   0x08000b94   0x000000b0   Code   RO          941    i.HAL_ADCEx_Calibration_Start  stm32g4xx_hal_adc_ex.o
    0x08000c44   0x08000c44   0x00000002   Code   RO          945    i.HAL_ADCEx_EndOfSamplingCallback  stm32g4xx_hal_adc_ex.o
    0x08000c46   0x08000c46   0x00000002   PAD
    0x08000c48   0x08000c48   0x000006a0   Code   RO          947    i.HAL_ADCEx_InjectedConfigChannel  stm32g4xx_hal_adc_ex.o
    0x080012e8   0x080012e8   0x00000400   Code   RO         6479    i.HAL_ADCEx_InjectedConvCpltCallback  foc.o
    0x080016e8   0x080016e8   0x0000003e   Code   RO          949    i.HAL_ADCEx_InjectedGetValue  stm32g4xx_hal_adc_ex.o
    0x08001726   0x08001726   0x00000002   Code   RO          951    i.HAL_ADCEx_InjectedQueueOverflowCallback  stm32g4xx_hal_adc_ex.o
    0x08001728   0x08001728   0x00000190   Code   RO          953    i.HAL_ADCEx_InjectedStart_IT  stm32g4xx_hal_adc_ex.o
    0x080018b8   0x080018b8   0x00000002   Code   RO          956    i.HAL_ADCEx_LevelOutOfWindow2Callback  stm32g4xx_hal_adc_ex.o
    0x080018ba   0x080018ba   0x00000002   Code   RO          957    i.HAL_ADCEx_LevelOutOfWindow3Callback  stm32g4xx_hal_adc_ex.o
    0x080018bc   0x080018bc   0x000001b8   Code   RO          958    i.HAL_ADCEx_MultiModeConfigChannel  stm32g4xx_hal_adc_ex.o
    0x08001a74   0x08001a74   0x00000574   Code   RO          660    i.HAL_ADC_ConfigChannel  stm32g4xx_hal_adc.o
    0x08001fe8   0x08001fe8   0x00000002   Code   RO          661    i.HAL_ADC_ConvCpltCallback  stm32g4xx_hal_adc.o
    0x08001fea   0x08001fea   0x00000002   Code   RO          664    i.HAL_ADC_ErrorCallback  stm32g4xx_hal_adc.o
    0x08001fec   0x08001fec   0x00000398   Code   RO          668    i.HAL_ADC_IRQHandler  stm32g4xx_hal_adc.o
    0x08002384   0x08002384   0x000002b8   Code   RO          669    i.HAL_ADC_Init      stm32g4xx_hal_adc.o
    0x0800263c   0x0800263c   0x00000002   Code   RO          670    i.HAL_ADC_LevelOutOfWindowCallback  stm32g4xx_hal_adc.o
    0x0800263e   0x0800263e   0x00000002   PAD
    0x08002640   0x08002640   0x00000174   Code   RO          283    i.HAL_ADC_MspInit   adc.o
    0x080027b4   0x080027b4   0x00000028   Code   RO         1187    i.HAL_Delay         stm32g4xx_hal.o
    0x080027dc   0x080027dc   0x0000044c   Code   RO         6418    i.HAL_GPIO_EXTI_Callback  bmi160_port.o
    0x08002c28   0x08002c28   0x0000001c   Code   RO         1961    i.HAL_GPIO_EXTI_IRQHandler  stm32g4xx_hal_gpio.o
    0x08002c44   0x08002c44   0x000001dc   Code   RO         1962    i.HAL_GPIO_Init     stm32g4xx_hal_gpio.o
    0x08002e20   0x08002e20   0x00000010   Code   RO         1964    i.HAL_GPIO_ReadPin  stm32g4xx_hal_gpio.o
    0x08002e30   0x08002e30   0x0000000a   Code   RO         1966    i.HAL_GPIO_WritePin  stm32g4xx_hal_gpio.o
    0x08002e3a   0x08002e3a   0x00000002   PAD
    0x08002e3c   0x08002e3c   0x0000000c   Code   RO         1191    i.HAL_GetTick       stm32g4xx_hal.o
    0x08002e48   0x08002e48   0x0000006a   Code   RO         3228    i.HAL_I2CEx_ConfigAnalogFilter  stm32g4xx_hal_i2c_ex.o
    0x08002eb2   0x08002eb2   0x00000068   Code   RO         3229    i.HAL_I2CEx_ConfigDigitalFilter  stm32g4xx_hal_i2c_ex.o
    0x08002f1a   0x08002f1a   0x00000002   PAD
    0x08002f1c   0x08002f1c   0x00000034   Code   RO         3232    i.HAL_I2CEx_EnableFastModePlus  stm32g4xx_hal_i2c_ex.o
    0x08002f50   0x08002f50   0x000000d8   Code   RO         2767    i.HAL_I2C_Init      stm32g4xx_hal_i2c.o
    0x08003028   0x08003028   0x0000015a   Code   RO         2768    i.HAL_I2C_IsDeviceReady  stm32g4xx_hal_i2c.o
    0x08003182   0x08003182   0x00000002   PAD
    0x08003184   0x08003184   0x000001a0   Code   RO         2785    i.HAL_I2C_Mem_Read  stm32g4xx_hal_i2c.o
    0x08003324   0x08003324   0x00000174   Code   RO          332    i.HAL_I2C_MspInit   i2c.o
    0x08003498   0x08003498   0x00000018   Code   RO         1197    i.HAL_IncTick       stm32g4xx_hal.o
    0x080034b0   0x080034b0   0x0000001e   Code   RO         1198    i.HAL_Init          stm32g4xx_hal.o
    0x080034ce   0x080034ce   0x00000002   PAD
    0x080034d0   0x080034d0   0x00000058   Code   RO         1199    i.HAL_InitTick      stm32g4xx_hal.o
    0x08003528   0x08003528   0x00000044   Code   RO          629    i.HAL_MspInit       stm32g4xx_hal_msp.o
    0x0800356c   0x0800356c   0x00000028   Code   RO         2611    i.HAL_NVIC_EnableIRQ  stm32g4xx_hal_cortex.o
    0x08003594   0x08003594   0x0000007a   Code   RO         2617    i.HAL_NVIC_SetPriority  stm32g4xx_hal_cortex.o
    0x0800360e   0x0800360e   0x00000002   PAD
    0x08003610   0x08003610   0x00000028   Code   RO         2618    i.HAL_NVIC_SetPriorityGrouping  stm32g4xx_hal_cortex.o
    0x08003638   0x08003638   0x00000118   Code   RO         2365    i.HAL_PWREx_ControlVoltageScaling  stm32g4xx_hal_pwr_ex.o
    0x08003750   0x08003750   0x00000014   Code   RO         2377    i.HAL_PWREx_DisableUCPDDeadBattery  stm32g4xx_hal_pwr_ex.o
    0x08003764   0x08003764   0x00000418   Code   RO         1563    i.HAL_RCCEx_PeriphCLKConfig  stm32g4xx_hal_rcc_ex.o
    0x08003b7c   0x08003b7c   0x00000224   Code   RO         1433    i.HAL_RCC_ClockConfig  stm32g4xx_hal_rcc.o
    0x08003da0   0x08003da0   0x0000000c   Code   RO         1439    i.HAL_RCC_GetHCLKFreq  stm32g4xx_hal_rcc.o
    0x08003dac   0x08003dac   0x00000024   Code   RO         1441    i.HAL_RCC_GetPCLK1Freq  stm32g4xx_hal_rcc.o
    0x08003dd0   0x08003dd0   0x00000024   Code   RO         1442    i.HAL_RCC_GetPCLK2Freq  stm32g4xx_hal_rcc.o
    0x08003df4   0x08003df4   0x00000098   Code   RO         1443    i.HAL_RCC_GetSysClockFreq  stm32g4xx_hal_rcc.o
    0x08003e8c   0x08003e8c   0x0000055c   Code   RO         1446    i.HAL_RCC_OscConfig  stm32g4xx_hal_rcc.o
    0x080043e8   0x080043e8   0x000000fc   Code   RO         3293    i.HAL_SPI_Init      stm32g4xx_hal_spi.o
    0x080044e4   0x080044e4   0x0000010c   Code   RO          380    i.HAL_SPI_MspInit   spi.o
    0x080045f0   0x080045f0   0x000001fa   Code   RO         3301    i.HAL_SPI_Transmit  stm32g4xx_hal_spi.o
    0x080047ea   0x080047ea   0x000002da   Code   RO         3302    i.HAL_SPI_TransmitReceive  stm32g4xx_hal_spi.o
    0x08004ac4   0x08004ac4   0x00000034   Code   RO         2622    i.HAL_SYSTICK_Config  stm32g4xx_hal_cortex.o
    0x08004af8   0x08004af8   0x00000002   Code   RO         4360    i.HAL_TIMEx_Break2Callback  stm32g4xx_hal_tim_ex.o
    0x08004afa   0x08004afa   0x00000002   Code   RO         4361    i.HAL_TIMEx_BreakCallback  stm32g4xx_hal_tim_ex.o
    0x08004afc   0x08004afc   0x00000002   Code   RO         4362    i.HAL_TIMEx_CommutCallback  stm32g4xx_hal_tim_ex.o
    0x08004afe   0x08004afe   0x00000002   PAD
    0x08004b00   0x08004b00   0x000000d4   Code   RO         4365    i.HAL_TIMEx_ConfigBreakDeadTime  stm32g4xx_hal_tim_ex.o
    0x08004bd4   0x08004bd4   0x00000002   Code   RO         4373    i.HAL_TIMEx_DirectionChangeCallback  stm32g4xx_hal_tim_ex.o
    0x08004bd6   0x08004bd6   0x00000002   Code   RO         4387    i.HAL_TIMEx_EncoderIndexCallback  stm32g4xx_hal_tim_ex.o
    0x08004bd8   0x08004bd8   0x00000002   Code   RO         4401    i.HAL_TIMEx_IndexErrorCallback  stm32g4xx_hal_tim_ex.o
    0x08004bda   0x08004bda   0x00000002   PAD
    0x08004bdc   0x08004bdc   0x000000d8   Code   RO         4402    i.HAL_TIMEx_MasterConfigSynchronization  stm32g4xx_hal_tim_ex.o
    0x08004cb4   0x08004cb4   0x00000002   Code   RO         4423    i.HAL_TIMEx_TransitionErrorCallback  stm32g4xx_hal_tim_ex.o
    0x08004cb6   0x08004cb6   0x0000006e   Code   RO         3635    i.HAL_TIM_Base_Init  stm32g4xx_hal_tim.o
    0x08004d24   0x08004d24   0x00000090   Code   RO          428    i.HAL_TIM_Base_MspInit  tim.o
    0x08004db4   0x08004db4   0x000000b4   Code   RO         3640    i.HAL_TIM_Base_Start_IT  stm32g4xx_hal_tim.o
    0x08004e68   0x08004e68   0x0000013c   Code   RO         3644    i.HAL_TIM_ConfigClockSource  stm32g4xx_hal_tim.o
    0x08004fa4   0x08004fa4   0x00000002   Code   RO         3669    i.HAL_TIM_IC_CaptureCallback  stm32g4xx_hal_tim.o
    0x08004fa6   0x08004fa6   0x00000220   Code   RO         3683    i.HAL_TIM_IRQHandler  stm32g4xx_hal_tim.o
    0x080051c6   0x080051c6   0x00000002   PAD
    0x080051c8   0x080051c8   0x000000e0   Code   RO          429    i.HAL_TIM_MspPostInit  tim.o
    0x080052a8   0x080052a8   0x00000002   Code   RO         3686    i.HAL_TIM_OC_DelayElapsedCallback  stm32g4xx_hal_tim.o
    0x080052aa   0x080052aa   0x00000170   Code   RO         3707    i.HAL_TIM_PWM_ConfigChannel  stm32g4xx_hal_tim.o
    0x0800541a   0x0800541a   0x0000006e   Code   RO         3710    i.HAL_TIM_PWM_Init  stm32g4xx_hal_tim.o
    0x08005488   0x08005488   0x00000002   Code   RO         3712    i.HAL_TIM_PWM_MspInit  stm32g4xx_hal_tim.o
    0x0800548a   0x0800548a   0x00000002   Code   RO         3713    i.HAL_TIM_PWM_PulseFinishedCallback  stm32g4xx_hal_tim.o
    0x0800548c   0x0800548c   0x0000016c   Code   RO         3715    i.HAL_TIM_PWM_Start  stm32g4xx_hal_tim.o
    0x080055f8   0x080055f8   0x00000134   Code   RO         5637    i.HAL_TIM_PeriodElapsedCallback  as5600.o
    0x0800572c   0x0800572c   0x00000002   Code   RO         3726    i.HAL_TIM_TriggerCallback  stm32g4xx_hal_tim.o
    0x0800572e   0x0800572e   0x0000004e   Code   RO         5214    i.HAL_UARTEx_DisableFifoMode  stm32g4xx_hal_uart_ex.o
    0x0800577c   0x0800577c   0x0000005e   Code   RO         5223    i.HAL_UARTEx_SetRxFifoThreshold  stm32g4xx_hal_uart_ex.o
    0x080057da   0x080057da   0x0000005e   Code   RO         5224    i.HAL_UARTEx_SetTxFifoThreshold  stm32g4xx_hal_uart_ex.o
    0x08005838   0x08005838   0x00000078   Code   RO         4818    i.HAL_UART_Init     stm32g4xx_hal_uart.o
    0x080058b0   0x080058b0   0x00000090   Code   RO          488    i.HAL_UART_MspInit  usart.o
    0x08005940   0x08005940   0x00000004   Code   RO          534    i.HardFault_Handler  stm32g4xx_it.o
    0x08005944   0x08005944   0x00000028   Code   RO         2814    i.I2C_Flush_TXDR    stm32g4xx_hal_i2c.o
    0x0800596c   0x0800596c   0x00000130   Code   RO         2822    i.I2C_IsErrorOccurred  stm32g4xx_hal_i2c.o
    0x08005a9c   0x08005a9c   0x0000007c   Code   RO         2827    i.I2C_RequestMemoryRead  stm32g4xx_hal_i2c.o
    0x08005b18   0x08005b18   0x00000038   Code   RO         2831    i.I2C_TransferConfig  stm32g4xx_hal_i2c.o
    0x08005b50   0x08005b50   0x00000082   Code   RO         2833    i.I2C_WaitOnFlagUntilTimeout  stm32g4xx_hal_i2c.o
    0x08005bd2   0x08005bd2   0x00000060   Code   RO         2835    i.I2C_WaitOnSTOPFlagUntilTimeout  stm32g4xx_hal_i2c.o
    0x08005c32   0x08005c32   0x00000064   Code   RO         2836    i.I2C_WaitOnTXISFlagUntilTimeout  stm32g4xx_hal_i2c.o
    0x08005c96   0x08005c96   0x00000002   PAD
    0x08005c98   0x08005c98   0x00000010   Code   RO          683    i.LL_ADC_Enable     stm32g4xx_hal_adc.o
    0x08005ca8   0x08005ca8   0x0000000a   Code   RO          684    i.LL_ADC_GetCommonPathInternalCh  stm32g4xx_hal_adc.o
    0x08005cb2   0x08005cb2   0x0000000a   Code   RO          685    i.LL_ADC_GetMultiDMATransfer  stm32g4xx_hal_adc.o
    0x08005cbc   0x08005cbc   0x0000000a   Code   RO          686    i.LL_ADC_GetMultimode  stm32g4xx_hal_adc.o
    0x08005cc6   0x08005cc6   0x0000000a   Code   RO          966    i.LL_ADC_GetMultimode  stm32g4xx_hal_adc_ex.o
    0x08005cd0   0x08005cd0   0x00000012   Code   RO          687    i.LL_ADC_GetOffsetChannel  stm32g4xx_hal_adc.o
    0x08005ce2   0x08005ce2   0x00000012   Code   RO          967    i.LL_ADC_GetOffsetChannel  stm32g4xx_hal_adc_ex.o
    0x08005cf4   0x08005cf4   0x0000000a   Code   RO          968    i.LL_ADC_INJ_GetTrigAuto  stm32g4xx_hal_adc_ex.o
    0x08005cfe   0x08005cfe   0x0000000a   Code   RO          688    i.LL_ADC_INJ_IsConversionOngoing  stm32g4xx_hal_adc.o
    0x08005d08   0x08005d08   0x0000000a   Code   RO          969    i.LL_ADC_INJ_IsConversionOngoing  stm32g4xx_hal_adc_ex.o
    0x08005d12   0x08005d12   0x00000002   PAD
    0x08005d14   0x08005d14   0x00000014   Code   RO          970    i.LL_ADC_INJ_StartConversion  stm32g4xx_hal_adc_ex.o
    0x08005d28   0x08005d28   0x0000000a   Code   RO          689    i.LL_ADC_IsDisableOngoing  stm32g4xx_hal_adc.o
    0x08005d32   0x08005d32   0x0000000a   Code   RO          690    i.LL_ADC_IsEnabled  stm32g4xx_hal_adc.o
    0x08005d3c   0x08005d3c   0x0000000a   Code   RO          971    i.LL_ADC_IsEnabled  stm32g4xx_hal_adc_ex.o
    0x08005d46   0x08005d46   0x0000000a   Code   RO          691    i.LL_ADC_IsInternalRegulatorEnabled  stm32g4xx_hal_adc.o
    0x08005d50   0x08005d50   0x0000000a   Code   RO          692    i.LL_ADC_REG_IsConversionOngoing  stm32g4xx_hal_adc.o
    0x08005d5a   0x08005d5a   0x0000000a   Code   RO          972    i.LL_ADC_REG_IsConversionOngoing  stm32g4xx_hal_adc_ex.o
    0x08005d64   0x08005d64   0x00000012   Code   RO          693    i.LL_ADC_REG_IsTriggerSourceSWStart  stm32g4xx_hal_adc.o
    0x08005d76   0x08005d76   0x00000028   Code   RO          696    i.LL_ADC_SetChannelSamplingTime  stm32g4xx_hal_adc.o
    0x08005d9e   0x08005d9e   0x00000028   Code   RO          973    i.LL_ADC_SetChannelSamplingTime  stm32g4xx_hal_adc_ex.o
    0x08005dc6   0x08005dc6   0x0000000c   Code   RO          697    i.LL_ADC_SetCommonPathInternalCh  stm32g4xx_hal_adc.o
    0x08005dd2   0x08005dd2   0x0000000c   Code   RO          974    i.LL_ADC_SetCommonPathInternalCh  stm32g4xx_hal_adc_ex.o
    0x08005dde   0x08005dde   0x00000016   Code   RO          698    i.LL_ADC_SetOffsetState  stm32g4xx_hal_adc.o
    0x08005df4   0x08005df4   0x00000016   Code   RO          975    i.LL_ADC_SetOffsetState  stm32g4xx_hal_adc_ex.o
    0x08005e0a   0x08005e0a   0x0000000c   Code   RO          699    i.LL_ADC_SetSamplingTimeCommonConfig  stm32g4xx_hal_adc.o
    0x08005e16   0x08005e16   0x0000000c   Code   RO          976    i.LL_ADC_SetSamplingTimeCommonConfig  stm32g4xx_hal_adc_ex.o
    0x08005e22   0x08005e22   0x00000002   PAD
    0x08005e24   0x08005e24   0x00000108   Code   RO          284    i.MX_ADC1_Init      adc.o
    0x08005f2c   0x08005f2c   0x000000c0   Code   RO          285    i.MX_ADC2_Init      adc.o
    0x08005fec   0x08005fec   0x00000158   Code   RO          258    i.MX_GPIO_Init      gpio.o
    0x08006144   0x08006144   0x00000060   Code   RO          333    i.MX_I2C1_Init      i2c.o
    0x080061a4   0x080061a4   0x00000060   Code   RO          334    i.MX_I2C3_Init      i2c.o
    0x08006204   0x08006204   0x00000054   Code   RO          381    i.MX_SPI1_Init      spi.o
    0x08006258   0x08006258   0x00000054   Code   RO          382    i.MX_SPI2_Init      spi.o
    0x080062ac   0x080062ac   0x00000114   Code   RO          430    i.MX_TIM1_Init      tim.o
    0x080063c0   0x080063c0   0x00000070   Code   RO          431    i.MX_TIM2_Init      tim.o
    0x08006430   0x08006430   0x00000114   Code   RO          432    i.MX_TIM8_Init      tim.o
    0x08006544   0x08006544   0x0000006c   Code   RO          489    i.MX_USART2_UART_Init  usart.o
    0x080065b0   0x080065b0   0x00000004   Code   RO          535    i.MemManage_Handler  stm32g4xx_it.o
    0x080065b4   0x080065b4   0x00000004   Code   RO          536    i.NMI_Handler       stm32g4xx_it.o
    0x080065b8   0x080065b8   0x00000028   Code   RO         5374    i.OLED_Clear        oled.o
    0x080065e0   0x080065e0   0x000000a8   Code   RO         5375    i.OLED_ClearArea    oled.o
    0x08006688   0x08006688   0x0000009c   Code   RO         5383    i.OLED_GPIO_Init    oled.o
    0x08006724   0x08006724   0x0000003e   Code   RO         5385    i.OLED_I2C_SendByte  oled.o
    0x08006762   0x08006762   0x0000001c   Code   RO         5386    i.OLED_I2C_Start    oled.o
    0x0800677e   0x0800677e   0x00000016   Code   RO         5387    i.OLED_I2C_Stop     oled.o
    0x08006794   0x08006794   0x0000009a   Code   RO         5388    i.OLED_Init         oled.o
    0x0800682e   0x0800682e   0x00000014   Code   RO         5390    i.OLED_Pow          oled.o
    0x08006842   0x08006842   0x00000022   Code   RO         5394    i.OLED_SetCursor    oled.o
    0x08006864   0x08006864   0x00000054   Code   RO         5396    i.OLED_ShowChar     oled.o
    0x080068b8   0x080068b8   0x00000100   Code   RO         5397    i.OLED_ShowFloatNum  oled.o
    0x080069b8   0x080069b8   0x0000012c   Code   RO         5399    i.OLED_ShowImage    oled.o
    0x08006ae4   0x08006ae4   0x0000004c   Code   RO         5400    i.OLED_ShowNum      oled.o
    0x08006b30   0x08006b30   0x00000028   Code   RO         5403    i.OLED_Update       oled.o
    0x08006b58   0x08006b58   0x00000030   Code   RO         5405    i.OLED_W_SCL        oled.o
    0x08006b88   0x08006b88   0x00000030   Code   RO         5406    i.OLED_W_SDA        oled.o
    0x08006bb8   0x08006bb8   0x00000020   Code   RO         5407    i.OLED_WriteCommand  oled.o
    0x08006bd8   0x08006bd8   0x0000002e   Code   RO         5408    i.OLED_WriteData    oled.o
    0x08006c06   0x08006c06   0x00000002   Code   RO          537    i.PendSV_Handler    stm32g4xx_it.o
    0x08006c08   0x08006c08   0x00000068   Code   RO         1447    i.RCC_GetSysClockFreqFromPLLSource  stm32g4xx_hal_rcc.o
    0x08006c70   0x08006c70   0x00000064   Code   RO         3331    i.SPI_EndRxTxTransaction  stm32g4xx_hal_spi.o
    0x08006cd4   0x08006cd4   0x000000f8   Code   RO         3336    i.SPI_WaitFifoStateUntilTimeout  stm32g4xx_hal_spi.o
    0x08006dcc   0x08006dcc   0x000000d8   Code   RO         3337    i.SPI_WaitFlagStateUntilTimeout  stm32g4xx_hal_spi.o
    0x08006ea4   0x08006ea4   0x00000002   Code   RO          538    i.SVC_Handler       stm32g4xx_it.o
    0x08006ea6   0x08006ea6   0x00000008   Code   RO          539    i.SysTick_Handler   stm32g4xx_it.o
    0x08006eae   0x08006eae   0x0000006c   Code   RO           14    i.SystemClock_Config  main.o
    0x08006f1a   0x08006f1a   0x00000002   PAD
    0x08006f1c   0x08006f1c   0x00000014   Code   RO         5338    i.SystemInit        system_stm32g4xx.o
    0x08006f30   0x08006f30   0x00000010   Code   RO          540    i.TIM2_IRQHandler   stm32g4xx_it.o
    0x08006f40   0x08006f40   0x000000e8   Code   RO         3728    i.TIM_Base_SetConfig  stm32g4xx_hal_tim.o
    0x08007028   0x08007028   0x00000022   Code   RO         3729    i.TIM_CCxChannelCmd  stm32g4xx_hal_tim.o
    0x0800704a   0x0800704a   0x00000016   Code   RO         3739    i.TIM_ETR_SetConfig  stm32g4xx_hal_tim.o
    0x08007060   0x08007060   0x00000018   Code   RO         3740    i.TIM_ITRx_SetConfig  stm32g4xx_hal_tim.o
    0x08007078   0x08007078   0x000000c0   Code   RO         3741    i.TIM_OC1_SetConfig  stm32g4xx_hal_tim.o
    0x08007138   0x08007138   0x000000cc   Code   RO         3742    i.TIM_OC2_SetConfig  stm32g4xx_hal_tim.o
    0x08007204   0x08007204   0x000000c8   Code   RO         3743    i.TIM_OC3_SetConfig  stm32g4xx_hal_tim.o
    0x080072cc   0x080072cc   0x000000cc   Code   RO         3744    i.TIM_OC4_SetConfig  stm32g4xx_hal_tim.o
    0x08007398   0x08007398   0x00000078   Code   RO         3745    i.TIM_OC5_SetConfig  stm32g4xx_hal_tim.o
    0x08007410   0x08007410   0x0000007c   Code   RO         3746    i.TIM_OC6_SetConfig  stm32g4xx_hal_tim.o
    0x0800748c   0x0800748c   0x00000078   Code   RO         3748    i.TIM_TI1_ConfigInputStage  stm32g4xx_hal_tim.o
    0x08007504   0x08007504   0x00000078   Code   RO         3750    i.TIM_TI2_ConfigInputStage  stm32g4xx_hal_tim.o
    0x0800757c   0x0800757c   0x00000058   Code   RO         5228    i.UARTEx_SetNbDataToProcess  stm32g4xx_hal_uart_ex.o
    0x080075d4   0x080075d4   0x000000f8   Code   RO         4832    i.UART_AdvFeatureConfig  stm32g4xx_hal_uart.o
    0x080076cc   0x080076cc   0x000000ea   Code   RO         4833    i.UART_CheckIdleState  stm32g4xx_hal_uart.o
    0x080077b6   0x080077b6   0x00000002   PAD
    0x080077b8   0x080077b8   0x0000006c   Code   RO         4844    i.UART_EndRxTransfer  stm32g4xx_hal_uart.o
    0x08007824   0x08007824   0x000003c8   Code   RO         4851    i.UART_SetConfig    stm32g4xx_hal_uart.o
    0x08007bec   0x08007bec   0x000000ac   Code   RO         4858    i.UART_WaitOnFlagUntilTimeout  stm32g4xx_hal_uart.o
    0x08007c98   0x08007c98   0x00000004   Code   RO          541    i.UsageFault_Handler  stm32g4xx_it.o
    0x08007c9c   0x08007c9c   0x00000026   Code   RO         6999    i.__ARM_fpclassifyf  m_wm.l(fpclassifyf.o)
    0x08007cc2   0x08007cc2   0x00000002   PAD
    0x08007cc4   0x08007cc4   0x00000010   Code   RO         2624    i.__NVIC_GetPriorityGrouping  stm32g4xx_hal_cortex.o
    0x08007cd4   0x08007cd4   0x00000028   Code   RO         2625    i.__NVIC_SetPriority  stm32g4xx_hal_cortex.o
    0x08007cfc   0x08007cfc   0x000002ac   Code   RO         6866    i.__hardfp_atan2f   m_wm.l(atan2f.o)
    0x08007fa8   0x08007fa8   0x00000014   Code   RO         6878    i.__hardfp_fabs     m_wm.l(fabs.o)
    0x08007fbc   0x08007fbc   0x00000048   Code   RO         6900    i.__hardfp_fmaxf    m_wm.l(fmaxf.o)
    0x08008004   0x08008004   0x00000048   Code   RO         6904    i.__hardfp_fminf    m_wm.l(fminf.o)
    0x0800804c   0x0800804c   0x000000b0   Code   RO         6884    i.__hardfp_fmodf    m_wm.l(fmodf.o)
    0x080080fc   0x080080fc   0x00000004   PAD
    0x08008100   0x08008100   0x000000e0   Code   RO         6896    i.__hardfp_round    m_wm.l(round.o)
    0x080081e0   0x080081e0   0x00000006   Code   RO         7003    i.__mathlib_flt_infnan2  m_wm.l(funder.o)
    0x080081e6   0x080081e6   0x00000002   PAD
    0x080081e8   0x080081e8   0x00000010   Code   RO         7004    i.__mathlib_flt_invalid  m_wm.l(funder.o)
    0x080081f8   0x080081f8   0x00000010   Code   RO         7007    i.__mathlib_flt_underflow  m_wm.l(funder.o)
    0x08008208   0x08008208   0x0000000e   Code   RO         7073    i.__scatterload_copy  mc_w.l(handlers.o)
    0x08008216   0x08008216   0x00000002   Code   RO         7074    i.__scatterload_null  mc_w.l(handlers.o)
    0x08008218   0x08008218   0x0000000e   Code   RO         7075    i.__scatterload_zeroinit  mc_w.l(handlers.o)
    0x08008226   0x08008226   0x00000002   PAD
    0x08008228   0x08008228   0x0000000c   Code   RO         7045    i.__set_errno       mc_w.l(errno.o)
    0x08008234   0x08008234   0x00000034   Code   RO         5638    i.as5600_init       as5600.o
    0x08008268   0x08008268   0x0000001a   Code   RO         5639    i.as5600_read       as5600.o
    0x08008282   0x08008282   0x00000002   PAD
    0x08008284   0x08008284   0x00000040   Code   RO         5640    i.as5600_readAngle  as5600.o
    0x080082c4   0x080082c4   0x0000005c   Code   RO         5641    i.as5600_readRaw    as5600.o
    0x08008320   0x08008320   0x00000090   Code   RO         6419    i.bmi160_config     bmi160_port.o
    0x080083b0   0x080083b0   0x00000044   Code   RO         5701    i.bmi160_get_regs   bmi160.o
    0x080083f4   0x080083f4   0x00000090   Code   RO         5703    i.bmi160_get_sensor_data  bmi160.o
    0x08008484   0x08008484   0x00000068   Code   RO         5704    i.bmi160_init       bmi160.o
    0x080084ec   0x080084ec   0x0000006c   Code   RO         6420    i.bmi160_int_Init   bmi160_port.o
    0x08008558   0x08008558   0x00000068   Code   RO         6421    i.bmi160_reg_read   bmi160_port.o
    0x080085c0   0x080085c0   0x00000080   Code   RO         6422    i.bmi160_reg_write  bmi160_port.o
    0x08008640   0x08008640   0x000000c6   Code   RO         5713    i.bmi160_set_int_config  bmi160.o
    0x08008706   0x08008706   0x00000028   Code   RO         5715    i.bmi160_set_power_mode  bmi160.o
    0x0800872e   0x0800872e   0x0000008e   Code   RO         5716    i.bmi160_set_regs   bmi160.o
    0x080087bc   0x080087bc   0x0000003c   Code   RO         5717    i.bmi160_set_sens_conf  bmi160.o
    0x080087f8   0x080087f8   0x0000004a   Code   RO         5719    i.bmi160_soft_reset  bmi160.o
    0x08008842   0x08008842   0x0000003c   Code   RO         5722    i.check_accel_config  bmi160.o
    0x0800887e   0x0800887e   0x0000003c   Code   RO         5724    i.check_gyro_config  bmi160.o
    0x080088ba   0x080088ba   0x00000060   Code   RO         5725    i.check_invalid_settg  bmi160.o
    0x0800891a   0x0800891a   0x00000054   Code   RO         5726    i.config_any_dur_threshold  bmi160.o
    0x0800896e   0x0800896e   0x00000048   Code   RO         5727    i.config_any_motion_int_settg  bmi160.o
    0x080089b6   0x080089b6   0x00000046   Code   RO         5728    i.config_any_motion_src  bmi160.o
    0x080089fc   0x080089fc   0x00000078   Code   RO         5731    i.config_flat_int_settg  bmi160.o
    0x08008a74   0x08008a74   0x00000046   Code   RO         5732    i.config_high_g_data_src  bmi160.o
    0x08008aba   0x08008aba   0x00000054   Code   RO         5733    i.config_high_g_int_settg  bmi160.o
    0x08008b0e   0x08008b0e   0x00000084   Code   RO         5734    i.config_int_latch  bmi160.o
    0x08008b92   0x08008b92   0x000000f4   Code   RO         5735    i.config_int_out_ctrl  bmi160.o
    0x08008c86   0x08008c86   0x00000046   Code   RO         5736    i.config_low_g_data_src  bmi160.o
    0x08008ccc   0x08008ccc   0x0000006a   Code   RO         5737    i.config_low_g_int_settg  bmi160.o
    0x08008d36   0x08008d36   0x00000046   Code   RO         5738    i.config_no_motion_data_src  bmi160.o
    0x08008d7c   0x08008d7c   0x0000009c   Code   RO         5739    i.config_no_motion_dur_thr  bmi160.o
    0x08008e18   0x08008e18   0x0000003e   Code   RO         5740    i.config_no_motion_int_settg  bmi160.o
    0x08008e56   0x08008e56   0x000000b2   Code   RO         5741    i.config_orient_int_settg  bmi160.o
    0x08008f08   0x08008f08   0x00000082   Code   RO         5743    i.config_sig_dur_threshold  bmi160.o
    0x08008f8a   0x08008f8a   0x00000046   Code   RO         5744    i.config_sig_motion_data_src  bmi160.o
    0x08008fd0   0x08008fd0   0x0000003e   Code   RO         5745    i.config_sig_motion_int_settg  bmi160.o
    0x0800900e   0x0800900e   0x000000c0   Code   RO         5746    i.config_step_detect  bmi160.o
    0x080090ce   0x080090ce   0x00000046   Code   RO         5747    i.config_tap_data_src  bmi160.o
    0x08009114   0x08009114   0x00000040   Code   RO         5748    i.config_tap_int_settg  bmi160.o
    0x08009154   0x08009154   0x000000a8   Code   RO         5749    i.config_tap_param  bmi160.o
    0x080091fc   0x080091fc   0x0000003c   Code   RO         6480    i.cycle_diff        foc.o
    0x08009238   0x08009238   0x0000002a   Code   RO         5751    i.default_param_settg  bmi160.o
    0x08009262   0x08009262   0x00000040   Code   RO         5752    i.disable_sig_motion_int  bmi160.o
    0x080092a2   0x080092a2   0x0000008c   Code   RO         5753    i.enable_accel_any_motion_int  bmi160.o
    0x0800932e   0x0800932e   0x0000003a   Code   RO         5755    i.enable_data_ready_int  bmi160.o
    0x08009368   0x08009368   0x00000038   Code   RO         5756    i.enable_fifo_full_int  bmi160.o
    0x080093a0   0x080093a0   0x0000003a   Code   RO         5757    i.enable_fifo_wtm_int  bmi160.o
    0x080093da   0x080093da   0x00000046   Code   RO         5758    i.enable_flat_int   bmi160.o
    0x08009420   0x08009420   0x00000070   Code   RO         5760    i.enable_high_g_int  bmi160.o
    0x08009490   0x08009490   0x00000046   Code   RO         5761    i.enable_low_g_int  bmi160.o
    0x080094d6   0x080094d6   0x00000070   Code   RO         5762    i.enable_no_motion_int  bmi160.o
    0x08009546   0x08009546   0x00000042   Code   RO         5763    i.enable_orient_int  bmi160.o
    0x08009588   0x08009588   0x00000058   Code   RO         5764    i.enable_sig_motion_int  bmi160.o
    0x080095e0   0x080095e0   0x00000042   Code   RO         5765    i.enable_step_detect_int  bmi160.o
    0x08009622   0x08009622   0x00000070   Code   RO         5766    i.enable_tap_int    bmi160.o
    0x08009692   0x08009692   0x000000e2   Code   RO         5772    i.get_accel_data    bmi160.o
    0x08009774   0x08009774   0x00000162   Code   RO         5773    i.get_accel_gyro_data  bmi160.o
    0x080098d6   0x080098d6   0x00000160   Code   RO         5779    i.get_gyro_data     bmi160.o
    0x08009a36   0x08009a36   0x00000002   PAD
    0x08009a38   0x08009a38   0x00000054   Code   RO         6682    i.key_read          key.o
    0x08009a8c   0x08009a8c   0x00000016   Code   RO         6630    i.lowpass_filter    filter.o
    0x08009aa2   0x08009aa2   0x00000002   PAD
    0x08009aa4   0x08009aa4   0x00000098   Code   RO         6481    i.m1_current_d_loop  foc.o
    0x08009b3c   0x08009b3c   0x00000098   Code   RO         6482    i.m1_current_q_loop  foc.o
    0x08009bd4   0x08009bd4   0x00000070   Code   RO         6483    i.m1_foc_current_control  foc.o
    0x08009c44   0x08009c44   0x00000060   Code   RO         6484    i.m1_foc_forward    foc.o
    0x08009ca4   0x08009ca4   0x00000058   Code   RO         6485    i.m1_pid_set_current  foc.o
    0x08009cfc   0x08009cfc   0x00000134   Code   RO         6486    i.m1_set_pwm_duty   foc.o
    0x08009e30   0x08009e30   0x000000a4   Code   RO         6487    i.m2_current_d_loop  foc.o
    0x08009ed4   0x08009ed4   0x00000098   Code   RO         6488    i.m2_current_q_loop  foc.o
    0x08009f6c   0x08009f6c   0x00000070   Code   RO         6489    i.m2_foc_current_control  foc.o
    0x08009fdc   0x08009fdc   0x00000060   Code   RO         6490    i.m2_foc_forward    foc.o
    0x0800a03c   0x0800a03c   0x00000058   Code   RO         6491    i.m2_pid_set_current  foc.o
    0x0800a094   0x0800a094   0x00000134   Code   RO         6492    i.m2_set_pwm_duty   foc.o
    0x0800a1c8   0x0800a1c8   0x0000017c   Code   RO           15    i.main              main.o
    0x0800a344   0x0800a344   0x000000d4   Code   RO         5781    i.map_feature_interrupt  bmi160.o
    0x0800a418   0x0800a418   0x000000a4   Code   RO         5782    i.map_hardware_interrupt  bmi160.o
    0x0800a4bc   0x0800a4bc   0x0000001a   Code   RO         5785    i.null_ptr_check    bmi160.o
    0x0800a4d6   0x0800a4d6   0x0000001e   Code   RO         6642    i.pid_balance       blc_defs.o
    0x0800a4f4   0x0800a4f4   0x0000000e   Code   RO         6643    i.pid_config        blc_defs.o
    0x0800a502   0x0800a502   0x00000002   PAD
    0x0800a504   0x0800a504   0x00000074   Code   RO         6644    i.pid_speed         blc_defs.o
    0x0800a578   0x0800a578   0x0000009c   Code   RO         6645    i.pid_turn          blc_defs.o
    0x0800a614   0x0800a614   0x00000032   Code   RO         5788    i.process_accel_bw  bmi160.o
    0x0800a646   0x0800a646   0x00000030   Code   RO         5789    i.process_accel_odr  bmi160.o
    0x0800a676   0x0800a676   0x00000030   Code   RO         5790    i.process_accel_range  bmi160.o
    0x0800a6a6   0x0800a6a6   0x0000002a   Code   RO         5791    i.process_gyro_bw   bmi160.o
    0x0800a6d0   0x0800a6d0   0x00000030   Code   RO         5792    i.process_gyro_odr  bmi160.o
    0x0800a700   0x0800a700   0x00000030   Code   RO         5793    i.process_gyro_range  bmi160.o
    0x0800a730   0x0800a730   0x00000070   Code   RO         5794    i.process_under_sampling  bmi160.o
    0x0800a7a0   0x0800a7a0   0x0000003c   Code   RO         5796    i.set_accel_any_motion_int  bmi160.o
    0x0800a7dc   0x0800a7dc   0x00000046   Code   RO         5797    i.set_accel_conf    bmi160.o
    0x0800a822   0x0800a822   0x00000052   Code   RO         5798    i.set_accel_flat_detect_int  bmi160.o
    0x0800a874   0x0800a874   0x0000003c   Code   RO         5799    i.set_accel_gyro_data_ready_int  bmi160.o
    0x0800a8b0   0x0800a8b0   0x0000005e   Code   RO         5800    i.set_accel_high_g_int  bmi160.o
    0x0800a90e   0x0800a90e   0x0000005e   Code   RO         5801    i.set_accel_low_g_int  bmi160.o
    0x0800a96c   0x0800a96c   0x0000003c   Code   RO         5802    i.set_accel_no_motion_int  bmi160.o
    0x0800a9a8   0x0800a9a8   0x00000052   Code   RO         5803    i.set_accel_orientation_int  bmi160.o
    0x0800a9fa   0x0800a9fa   0x00000052   Code   RO         5804    i.set_accel_pwr     bmi160.o
    0x0800aa4c   0x0800aa4c   0x0000003c   Code   RO         5805    i.set_accel_sig_motion_int  bmi160.o
    0x0800aa88   0x0800aa88   0x00000052   Code   RO         5806    i.set_accel_step_detect_int  bmi160.o
    0x0800aada   0x0800aada   0x0000004a   Code   RO         5807    i.set_accel_tap_int  bmi160.o
    0x0800ab24   0x0800ab24   0x0000003a   Code   RO         5808    i.set_fifo_full_int  bmi160.o
    0x0800ab5e   0x0800ab5e   0x0000003a   Code   RO         5809    i.set_fifo_watermark_int  bmi160.o
    0x0800ab98   0x0800ab98   0x00000046   Code   RO         5810    i.set_gyro_conf     bmi160.o
    0x0800abde   0x0800abde   0x0000005e   Code   RO         5811    i.set_gyro_pwr      bmi160.o
    0x0800ac3c   0x0800ac3c   0x00000020   Code   RO         5812    i.set_intr_pin_config  bmi160.o
    0x0800ac5c   0x0800ac5c   0x0000000c   Code   RO         6493    i.set_left_q        foc.o
    0x0800ac68   0x0800ac68   0x0000000c   Code   RO         6494    i.set_right_q       foc.o
    0x0800ac74   0x0800ac74   0x00000320   Code   RO         6495    i.svpwm             foc.o
    0x0800af94   0x0800af94   0x00000224   Code   RO           16    i.sys_init          main.o
    0x0800b1b8   0x0800b1b8   0x00000040   Code   RO         6496    i.wrap_angle        foc.o
    0x0800b1f8   0x0800b1f8   0x00000018   Data   RO         4859    .constdata          stm32g4xx_hal_uart.o
    0x0800b210   0x0800b210   0x00000010   Data   RO         5230    .constdata          stm32g4xx_hal_uart_ex.o
    0x0800b220   0x0800b220   0x00000018   Data   RO         5339    .constdata          system_stm32g4xx.o
    0x0800b238   0x0800b238   0x00001057   Data   RO         5622    .constdata          oled_data.o
    0x0800c28f   0x0800c28f   0x0000000d   Data   RO         5824    .constdata          bmi160.o
    0x0800c29c   0x0800c29c   0x00000012   Data   RO         6498    .constdata          foc.o
    0x0800c2ae   0x0800c2ae   0x00000002   PAD
    0x0800c2b0   0x0800c2b0   0x00000804   Data   RO         6847    .rodata.sinTable_f32  arm_cortexM4lf_math.lib(arm_common_tables.o)
    0x0800cab4   0x0800cab4   0x00000020   Data   RO         7071    Region$$Table       anon$$obj.o


    Execution Region RW_IRAM1 (Exec base: 0x20000000, Load base: 0x0800cad4, Size: 0x000019b0, Max: 0x00020000, ABSOLUTE)

    Exec Addr    Load Addr    Size         Type   Attr      Idx    E Section Name        Object

    0x20000000   0x0800cad4   0x00000004   Data   RW          287    .data               adc.o
    0x20000004   0x0800cad8   0x0000000c   Data   RW         1218    .data               stm32g4xx_hal.o
    0x20000010   0x0800cae4   0x00000004   Data   RW         5340    .data               system_stm32g4xx.o
    0x20000014   0x0800cae8   0x00000015   Data   RW         5642    .data               as5600.o
    0x20000029   0x0800cafd   0x00000003   PAD
    0x2000002c   0x0800cb00   0x00000034   Data   RW         6425    .data               bmi160_port.o
    0x20000060   0x0800cb34   0x00000060   Data   RW         6499    .data               foc.o
    0x200000c0   0x0800cb94   0x0000000c   Data   RW         6647    .data               blc_defs.o
    0x200000cc   0x0800cba0   0x00000002   Data   RW         6683    .data               key.o
    0x200000ce   0x0800cba2   0x00000002   PAD
    0x200000d0   0x0800cba4   0x00000004   Data   RW         7046    .data               mc_w.l(errno.o)
    0x200000d4        -       0x000000d8   Zero   RW          286    .bss                adc.o
    0x200001ac        -       0x000000a8   Zero   RW          335    .bss                i2c.o
    0x20000254        -       0x000000c8   Zero   RW          383    .bss                spi.o
    0x2000031c        -       0x000000e4   Zero   RW          433    .bss                tim.o
    0x20000400        -       0x00000094   Zero   RW          490    .bss                usart.o
    0x20000494        -       0x00000400   Zero   RW         5410    .bss                oled.o
    0x20000894        -       0x00000068   Zero   RW         6424    .bss                bmi160_port.o
    0x200008fc        -       0x00000090   Zero   RW         6497    .bss                foc.o
    0x2000098c        -       0x00000024   Zero   RW         6646    .bss                blc_defs.o
    0x200009b0        -       0x00001000   Zero   RW            1    STACK               startup_stm32g474xx.o


==============================================================================

Image component sizes


      Code (inc. data)   RO Data    RW Data    ZI Data      Debug   Object Name

       828         46          0          4        216       2894   adc.o
       542         78          0         21          0       4433   as5600.o
       316         22          0         12         36       3795   blc_defs.o
      7376         22         13          0          0      76194   bmi160.o
      1584        174          0         52        104       5022   bmi160_port.o
        22          0          0          0          0        625   filter.o
      3800        298         18         96        144      32769   foc.o
       344         14          0          0          0       1039   gpio.o
       564         44          0          0        168       2506   i2c.o
        84         12          0          2          0        999   key.o
      1042        120          0          0          0     930060   main.o
      1614         58          0          0       1024      12187   oled.o
         0          0       4183          0          0        933   oled_data.o
       436         36          0          0        200       2374   spi.o
        36          8        472          0       4096        832   startup_stm32g474xx.o
       194         32          0         12          0       4281   stm32g4xx_hal.o
      3608        160          0          0          0      84405   stm32g4xx_hal_adc.o
      2956        130          0          0          0      82101   stm32g4xx_hal_adc_ex.o
       310         22          0          0          0      34307   stm32g4xx_hal_cortex.o
       530         38          0          0          0       3354   stm32g4xx_hal_gpio.o
      1828         22          0          0          0      10770   stm32g4xx_hal_i2c.o
       262         10          0          0          0       2598   stm32g4xx_hal_i2c_ex.o
        68          6          0          0          0        846   stm32g4xx_hal_msp.o
       300         18          0          0          0       1397   stm32g4xx_hal_pwr_ex.o
      2260        106          0          0          0       7228   stm32g4xx_hal_rcc.o
      1048         10          0          0          0       1988   stm32g4xx_hal_rcc_ex.o
      2052          8          0          0          0       7124   stm32g4xx_hal_spi.o
      3598        354          0          0          0      18332   stm32g4xx_hal_tim.o
       442         46          0          0          0       6372   stm32g4xx_hal_tim_ex.o
      1850         70         24          0          0      24994   stm32g4xx_hal_uart.o
       354         10         16          0          0       3637   stm32g4xx_hal_uart_ex.o
        96         14          0          0          0       6130   stm32g4xx_it.o
        20          6         24          4          0       1115   system_stm32g4xx.o
      1032         56          0          0        228       4190   tim.o
       252         18          0          0        148       1754   usart.o

    ----------------------------------------------------------------------
     41688       2068       4784        208       6364    1383585   Object Totals
         0          0         32          0          0          0   (incl. Generated)
        40          0          2          5          0          0   (incl. Padding)

    ----------------------------------------------------------------------

      Code (inc. data)   RO Data    RW Data    ZI Data      Debug   Library Member Name

         0          0       2052          0          0       6294   arm_common_tables.o
       152         12          0          0          0       1104   arm_cos_f32.o
        56          0          0          0          0       1000   arm_pid_init_f32.o
       144         12          0          0          0       1092   arm_sin_f32.o
       684         90          0          0          0        208   atan2f.o
        20          0          0          0          0        124   fabs.o
        72          0          0          0          0        148   fmaxf.o
        72          0          0          0          0        148   fminf.o
       176          0          0          0          0        168   fmodf.o
        38          0          0          0          0        116   fpclassifyf.o
        38         12          0          0          0        348   funder.o
       224         30          0          0          0        172   round.o
         0          0          0          0          0          0   entry.o
         0          0          0          0          0          0   entry10a.o
         0          0          0          0          0          0   entry11a.o
         4          0          0          0          0          0   entry12b.o
         8          4          0          0          0          0   entry2.o
         4          0          0          0          0          0   entry5.o
         0          0          0          0          0          0   entry7b.o
         0          0          0          0          0          0   entry8b.o
         8          4          0          0          0          0   entry9a.o
        12          6          0          4          0         68   errno.o
        30          0          0          0          0          0   handlers.o
        36          8          0          0          0         68   init.o
         0          0          0          0          0          0   iusefp.o
        30          0          0          0          0         68   llshl.o
        36          0          0          0          0         68   llsshr.o
        32          0          0          0          0         68   llushr.o
        36          0          0          0          0         68   memcpya.o
        36          0          0          0          0        108   memseta.o
        98          0          0          0          0         92   uldiv.o
        48          0          0          0          0         68   cdcmple.o
        48          0          0          0          0         68   cdrcmple.o
       334          0          0          0          0        148   dadd.o
       186          0          0          0          0        176   depilogue.o
        50          0          0          0          0         76   dfixui.o
        26          0          0          0          0         76   dfltui.o
       228          0          0          0          0         96   dmul.o
       136          4          0          0          0         92   drnd.o
        38          0          0          0          0         68   f2d.o
        54          0          0          0          0         68   fcmp4.o
       110          0          0          0          0        168   fepilogue.o
        82          0          0          0          0         96   frem.o

    ----------------------------------------------------------------------
      3400        182       2052          4          0      12730   Library Totals
        14          0          0          0          0          0   (incl. Padding)

    ----------------------------------------------------------------------

      Code (inc. data)   RO Data    RW Data    ZI Data      Debug   Library Name

       352         24       2052          0          0       9490   arm_cortexM4lf_math.lib
      1324        132          0          0          0       1432   m_wm.l
       370         22          0          4          0        608   mc_w.l
      1340          4          0          0          0       1200   mf_w.l

    ----------------------------------------------------------------------
      3400        182       2052          4          0      12730   Library Totals

    ----------------------------------------------------------------------

==============================================================================


      Code (inc. data)   RO Data    RW Data    ZI Data      Debug   

     45088       2250       6836        212       6364    1366503   Grand Totals
     45088       2250       6836        212       6364    1366503   ELF Image Totals
     45088       2250       6836        212          0          0   ROM Totals

==============================================================================

    Total RO  Size (Code + RO Data)                51924 (  50.71kB)
    Total RW  Size (RW Data + ZI Data)              6576 (   6.42kB)
    Total ROM Size (Code + RO Data + RW Data)      52136 (  50.91kB)

==============================================================================

